Component: ARM Compiler 5.06 update 6 (build 750) Tool: armlink [4d35ed]

==============================================================================

Section Cross References

    startup_stm32f40_41xxx.o(STACK) refers (Special) to heapauxi.o(.text) for __use_two_region_memory
    startup_stm32f40_41xxx.o(HEAP) refers (Special) to heapauxi.o(.text) for __use_two_region_memory
    startup_stm32f40_41xxx.o(RESET) refers (Special) to heapauxi.o(.text) for __use_two_region_memory
    startup_stm32f40_41xxx.o(RESET) refers to startup_stm32f40_41xxx.o(STACK) for __initial_sp
    startup_stm32f40_41xxx.o(RESET) refers to startup_stm32f40_41xxx.o(.text) for Reset_Handler
    startup_stm32f40_41xxx.o(RESET) refers to system_timetick.o(i.NMI_Handler) for NMI_Handler
    startup_stm32f40_41xxx.o(RESET) refers to system_timetick.o(i.HardFault_Handler) for HardFault_Handler
    startup_stm32f40_41xxx.o(RESET) refers to system_timetick.o(i.MemManage_Handler) for MemManage_Handler
    startup_stm32f40_41xxx.o(RESET) refers to system_timetick.o(i.BusFault_Handler) for BusFault_Handler
    startup_stm32f40_41xxx.o(RESET) refers to system_timetick.o(i.UsageFault_Handler) for UsageFault_Handler
    startup_stm32f40_41xxx.o(RESET) refers to system_timetick.o(i.SVC_Handler) for SVC_Handler
    startup_stm32f40_41xxx.o(RESET) refers to system_timetick.o(i.DebugMon_Handler) for DebugMon_Handler
    startup_stm32f40_41xxx.o(RESET) refers to system_timetick.o(i.PendSV_Handler) for PendSV_Handler
    startup_stm32f40_41xxx.o(RESET) refers to system_timetick.o(i.SysTick_Handler) for SysTick_Handler
    startup_stm32f40_41xxx.o(RESET) refers to main_official.o(i.EXTI0_IRQHandler) for EXTI0_IRQHandler
    startup_stm32f40_41xxx.o(RESET) refers to main_official.o(i.EXTI1_IRQHandler) for EXTI1_IRQHandler
    startup_stm32f40_41xxx.o(RESET) refers to main_official.o(i.DMA1_Stream1_IRQHandler) for DMA1_Stream1_IRQHandler
    startup_stm32f40_41xxx.o(RESET) refers to main_official.o(i.TIM7_IRQHandler) for TIM7_IRQHandler
    startup_stm32f40_41xxx.o(.text) refers (Special) to heapauxi.o(.text) for __use_two_region_memory
    startup_stm32f40_41xxx.o(.text) refers to system_stm32f4xx.o(i.SystemInit) for SystemInit
    startup_stm32f40_41xxx.o(.text) refers to __main.o(!!!main) for __main
    startup_stm32f40_41xxx.o(.text) refers to startup_stm32f40_41xxx.o(HEAP) for Heap_Mem
    startup_stm32f40_41xxx.o(.text) refers to startup_stm32f40_41xxx.o(STACK) for Stack_Mem
    system_stm32f4xx.o(i.SystemCoreClockUpdate) refers to system_stm32f4xx.o(.data) for SystemCoreClock
    system_stm32f4xx.o(i.SystemInit) refers to system_stm32f4xx.o(i.SetSysClock) for SetSysClock
    system_timetick.o(i.SysTick_Handler) refers to system_timetick.o(.data) for tick_flag
    main_official.o(i.DMA1_Stream1_IRQHandler) refers to _printf_pad.o(.text) for _printf_pre_padding
    main_official.o(i.DMA1_Stream1_IRQHandler) refers to _printf_percent.o(.ARM.Collect$$_printf_percent$$00000000) for _printf_percent
    main_official.o(i.DMA1_Stream1_IRQHandler) refers to _printf_f.o(.ARM.Collect$$_printf_percent$$00000003) for _printf_f
    main_official.o(i.DMA1_Stream1_IRQHandler) refers to printf1.o(x$fpl$printf1) for _printf_fp_dec
    main_official.o(i.DMA1_Stream1_IRQHandler) refers to _printf_d.o(.ARM.Collect$$_printf_percent$$00000009) for _printf_d
    main_official.o(i.DMA1_Stream1_IRQHandler) refers to _printf_dec.o(.text) for _printf_int_dec
    main_official.o(i.DMA1_Stream1_IRQHandler) refers to stm32f4xx_dma.o(i.DMA_ClearITPendingBit) for DMA_ClearITPendingBit
    main_official.o(i.DMA1_Stream1_IRQHandler) refers to main_official.o(i.SELEC_dataConvert) for SELEC_dataConvert
    main_official.o(i.DMA1_Stream1_IRQHandler) refers to main_official.o(i.clearString) for clearString
    main_official.o(i.DMA1_Stream1_IRQHandler) refers to f2d.o(x$fpl$f2d) for __aeabi_f2d
    main_official.o(i.DMA1_Stream1_IRQHandler) refers to noretval__2sprintf.o(.text) for __2sprintf
    main_official.o(i.DMA1_Stream1_IRQHandler) refers to main_official.o(.bss) for rxbuff_3
    main_official.o(i.DMA1_Stream1_IRQHandler) refers to main_official.o(.conststring) for .conststring
    main_official.o(i.DMA1_Stream1_IRQHandler) refers to main_official.o(i.lengthString) for lengthString
    main_official.o(i.DMA1_Stream1_IRQHandler) refers to stm32f4xx_dma.o(i.DMA_Cmd) for DMA_Cmd
    main_official.o(i.DMA1_Stream1_IRQHandler) refers to main_official.o(.data) for lphase1
    main_official.o(i.DMA_rx) refers to stm32f4xx_dma.o(i.DMA_Cmd) for DMA_Cmd
    main_official.o(i.DMA_rx) refers to stm32f4xx_dma.o(i.DMA_ClearFlag) for DMA_ClearFlag
    main_official.o(i.DMA_rx) refers to main_official.o(.data) for pre_NDTR_USART3
    main_official.o(i.EXTI0_IRQHandler) refers to stm32f4xx_exti.o(i.EXTI_ClearFlag) for EXTI_ClearFlag
    main_official.o(i.EXTI0_IRQHandler) refers to main_official.o(.data) for sensorA
[...]
    .text                                    0x08000f88   Section        0  sys_exit.o(.text)
    .text                                    0x08000f94   Section        2  use_no_semi.o(.text)
    .text                                    0x08000f96   Section        0  indicate_semi.o(.text)
    .text                                    0x08000f96   Section        0  defsig_general.o(.text)
    .text                                    0x08000fc8   Section        0  sys_wrch.o(.text)
    CL$$btod_d2e                             0x08000fd6   Section       62  btod.o(CL$$btod_d2e)
    CL$$btod_d2e_denorm_low                  0x08001014   Section       70  btod.o(CL$$btod_d2e_denorm_low)
    CL$$btod_d2e_norm_op1                    0x0800105a   Section       96  btod.o(CL$$btod_d2e_norm_op1)
    CL$$btod_div_common                      0x080010ba   Section      824  btod.o(CL$$btod_div_common)
    CL$$btod_e2e                             0x080013f2   Section      220  btod.o(CL$$btod_e2e)
    CL$$btod_ediv                            0x080014ce   Section       42  btod.o(CL$$btod_ediv)
    CL$$btod_emul                            0x080014f8   Section       42  btod.o(CL$$btod_emul)
    CL$$btod_mult_common                     0x08001522   Section      580  btod.o(CL$$btod_mult_common)
    i.BusFault_Handler                       0x08001766   Section        0  system_timetick.o(i.BusFault_Handler)
    i.DMA1_Stream1_IRQHandler                0x0800176c   Section        0  main_official.o(i.DMA1_Stream1_IRQHandler)
    i.DMA_ClearFlag                          0x08001e68   Section        0  stm32f4xx_dma.o(i.DMA_ClearFlag)
    i.DMA_ClearITPendingBit                  0x08001e9c   Section        0  stm32f4xx_dma.o(i.DMA_ClearITPendingBit)
    i.DMA_Cmd                                0x08001ed0   Section        0  stm32f4xx_dma.o(i.DMA_Cmd)
    i.DMA_ITConfig                           0x08001ee6   Section        0  stm32f4xx_dma.o(i.DMA_ITConfig)
    i.DMA_Init                               0x08001f20   Section        0  stm32f4xx_dma.o(i.DMA_Init)
    i.DebugMon_Handler                       0x08001f78   Section        0  system_timetick.o(i.DebugMon_Handler)
    i.EXTI0_IRQHandler                       0x08001f7c   Section        0  main_official.o(i.EXTI0_IRQHandler)
    i.EXTI1_IRQHandler                       0x08001f90   Section        0  main_official.o(i.EXTI1_IRQHandler)
    i.EXTI_ClearFlag                         0x08001fa4   Section        0  stm32f4xx_exti.o(i.EXTI_ClearFlag)
    i.EXTI_Init                              0x08001fb0   Section        0  stm32f4xx_exti.o(i.EXTI_Init)
    i.EXTI_StructInit                        0x08002044   Section        0  stm32f4xx_exti.o(i.EXTI_StructInit)
    i.GPIO_Init                              0x08002054   Section        0  stm32f4xx_gpio.o(i.GPIO_Init)
    i.GPIO_PinAFConfig                       0x080020e4   Section        0  stm32f4xx_gpio.o(i.GPIO_PinAFConfig)
    i.GPIO_ReadInputDataBit                  0x0800212a   Section        0  stm32f4xx_gpio.o(i.GPIO_ReadInputDataBit)
    i.GPIO_ReadOutputDataBit                 0x0800213c   Section        0  stm32f4xx_gpio.o(i.GPIO_ReadOutputDataBit)
    i.GPIO_ResetBits                         0x0800214e   Section        0  stm32f4xx_gpio.o(i.GPIO_ResetBits)
    i.GPIO_SetBits                           0x08002152   Section        0  stm32f4xx_gpio.o(i.GPIO_SetBits)
    i.GPIO_ToggleBits                        0x08002156   Section        0  stm32f4xx_gpio.o(i.GPIO_ToggleBits)
    i.HardFault_Handler                      0x0800215e   Section        0  system_timetick.o(i.HardFault_Handler)
    i.I2C_AcknowledgeConfig                  0x08002162   Section        0  stm32f4xx_i2c.o(i.I2C_AcknowledgeConfig)
    i.I2C_CheckEvent                         0x0800217a   Section        0  stm32f4xx_i2c.o(i.I2C_CheckEvent)
    i.I2C_Cmd                                0x080021a4   Section        0  stm32f4xx_i2c.o(i.I2C_Cmd)
    i.I2C_GenerateSTART                      0x080021bc   Section        0  stm32f4xx_i2c.o(i.I2C_GenerateSTART)
    i.I2C_GenerateSTOP                       0x080021d4   Section        0  stm32f4xx_i2c.o(i.I2C_GenerateSTOP)
    i.I2C_GetFlagStatus                      0x080021ec   Section        0  stm32f4xx_i2c.o(i.I2C_GetFlagStatus)
    i.I2C_Init                               0x08002228   Section        0  stm32f4xx_i2c.o(i.I2C_Init)
    i.I2C_ReceiveData                        0x08002310   Section        0  stm32f4xx_i2c.o(i.I2C_ReceiveData)
    i.I2C_Send7bitAddress                    0x08002318   Section        0  stm32f4xx_i2c.o(i.I2C_Send7bitAddress)
    i.I2C_SendData                           0x08002328   Section        0  stm32f4xx_i2c.o(i.I2C_SendData)
    i.I2C_read_nack                          0x0800232c   Section        0  main_official.o(i.I2C_read_nack)
    i.I2C_start                              0x08002360   Section        0  main_official.o(i.I2C_start)
    i.I2C_stop                               0x080023c8   Section        0  main_official.o(i.I2C_stop)
    i.I2C_write                              0x080023f8   Section        0  main_official.o(i.I2C_write)
    i.LIGHT_RX                               0x0800241c   Section        0  main_official.o(i.LIGHT_RX)
    i.MemManage_Handler                      0x0800248c   Section        0  system_timetick.o(i.MemManage_Handler)
    i.NMI_Handler                            0x08002490   Section        0  system_timetick.o(i.NMI_Handler)
    i.NVIC_Init                              0x08002494   Section        0  misc.o(i.NVIC_Init)
    i.PendSV_Handler                         0x0800250c   Section        0  system_timetick.o(i.PendSV_Handler)
    i.RCC_AHB1PeriphClockCmd                 0x08002510   Section        0  stm32f4xx_rcc.o(i.RCC_AHB1PeriphClockCmd)
    i.RCC_APB1PeriphClockCmd                 0x08002530   Section        0  stm32f4xx_rcc.o(i.RCC_APB1PeriphClockCmd)
    i.RCC_APB2PeriphClockCmd                 0x08002550   Section        0  stm32f4xx_rcc.o(i.RCC_APB2PeriphClockCmd)
    i.RCC_GetClocksFreq                      0x08002570   Section        0  stm32f4xx_rcc.o(i.RCC_GetClocksFreq)
    i.SELEC_dataConvert                      0x08002658   Section        0  main_official.o(i.SELEC_dataConvert)
    i.SVC_Handler                            0x08002678   Section        0  system_timetick.o(i.SVC_Handler)
    i.SYSCFG_EXTILineConfig                  0x0800267c   Section        0  stm32f4xx_syscfg.o(i.SYSCFG_EXTILineConfig)
    i.SetSysClock                            0x080026bc   Section        0  system_stm32f4xx.o(i.SetSysClock)
    SetSysClock                              0x080026bd   Thumb Code   220  system_stm32f4xx.o(i.SetSysClock)
    i.SysTick_Handler                        0x080027a8   Section        0  system_timetick.o(i.SysTick_Handler)
    i.SystemInit                             0x080027c4   Section        0  system_stm32f4xx.o(i.SystemInit)
    i.TIM7_IRQHandler                        0x0800282c   Section        0  main_official.o(i.TIM7_IRQHandler)
    i.TIM_ClearFlag                          0x08002a4c   Section        0  stm32f4xx_tim.o(i.TIM_ClearFlag)
    i.TIM_Cmd                                0x08002a52   Section        0  stm32f4xx_tim.o(i.TIM_Cmd)
    i.TIM_ITConfig                           0x08002a6a   Section        0  stm32f4xx_tim.o(i.TIM_ITConfig)
    i.TIM_TimeBaseInit                       0x08002a7c   Section        0  stm32f4xx_tim.o(i.TIM_TimeBaseInit)
    i.USART_Cmd                              0x08002b00   Section        0  stm32f4xx_usart.o(i.USART_Cmd)
    i.USART_DMACmd                           0x08002b18   Section        0  stm32f4xx_usart.o(i.USART_DMACmd)
    i.USART_GetFlagStatus                    0x08002b2a   Section        0  stm32f4xx_usart.o(i.USART_GetFlagStatus)
    i.USART_Init                             0x08002b44   Section        0  stm32f4xx_usart.o(i.USART_Init)
    i.USART_SendData                         0x08002c18   Section        0  stm32f4xx_usart.o(i.USART_SendData)
    i.USART_put                              0x08002c20   Section        0  main_official.o(i.USART_put)
    i.UsageFault_Handler                     0x08002c48   Section        0  system_timetick.o(i.UsageFault_Handler)
    i.__ARM_fpclassify                       0x08002c4c   Section        0  fpclassify.o(i.__ARM_fpclassify)
    i._is_digit                              0x08002c7c   Section        0  __printf_wp.o(i._is_digit)
    i.cabin                                  0x08002c8c   Section        0  main_official.o(i.cabin)
    i.clearString                            0x08002d84   Section        0  main_official.o(i.clearString)
    i.delay_01ms                             0x08002da4   Section        0  main_official.o(i.delay_01ms)
    i.detect_string                          0x08002dec   Section        0  main_official.o(i.detect_string)
    i.ds1307_get_rtc_data                    0x08002e08   Section        0  main_official.o(i.ds1307_get_rtc_data)
    i.ds1307_get_rtc_date                    0x08002e60   Section        0  main_official.o(i.ds1307_get_rtc_date)
    i.ds1307_get_rtc_datetime                0x08002e74   Section        0  main_official.o(i.ds1307_get_rtc_datetime)
    i.ds1307_get_rtc_day                     0x08002f00   Section        0  main_official.o(i.ds1307_get_rtc_day)
    i.ds1307_get_rtc_hour                    0x08002f14   Section        0  main_official.o(i.ds1307_get_rtc_hour)
    i.ds1307_get_rtc_minute                  0x08002f28   Section        0  main_official.o(i.ds1307_get_rtc_minute)
    i.ds1307_get_rtc_month                   0x08002f3c   Section        0  main_official.o(i.ds1307_get_rtc_month)
    i.ds1307_get_rtc_second                  0x08002f50   Section        0  main_official.o(i.ds1307_get_rtc_second)
    i.ds1307_get_rtc_year                    0x08002f64   Section        0  main_official.o(i.ds1307_get_rtc_year)
    i.ds1307_init_rtc                        0x08002f78   Section        0  main_official.o(i.ds1307_init_rtc)
    i.ds1307_set_rtc_data                    0x08002fa8   Section        0  main_official.o(i.ds1307_set_rtc_data)
    i.ds1307_set_rtc_datetime                0x0800302c   Section        0  main_official.o(i.ds1307_set_rtc_datetime)
    i.eeprom_at24cxx_read_multi              0x0800314c   Section        0  main_official.o(i.eeprom_at24cxx_read_multi)
    i.eeprom_at24cxx_write_multi             0x08003280   Section        0  main_official.o(i.eeprom_at24cxx_write_multi)
    i.eeprom_at24cxx_write_page              0x080032f0   Section        0  main_official.o(i.eeprom_at24cxx_write_page)
    eeprom_at24cxx_write_page                0x080032f1   Thumb Code   218  main_official.o(i.eeprom_at24cxx_write_page)
    i.get_mess_from_rx                       0x080033d8   Section        0  main_official.o(i.get_mess_from_rx)
    i.init_main                              0x0800344c   Section        0  main_official.o(i.init_main)
    i.lengthString                           0x080037d0   Section        0  main_official.o(i.lengthString)
    i.main                                   0x080037e4   Section        0  main_official.o(i.main)
    i.print_f                                0x08003ce0   Section        0  main_official.o(i.print_f)
    i.receive                                0x08003d0e   Section        0  main_official.o(i.receive)
    i.rs485                                  0x08003d3c   Section        0  main_official.o(i.rs485)
    i.start_mqtt                             0x08003f88   Section        0  main_official.o(i.start_mqtt)
    i.stop_mqtt                              0x08003fe4   Section        0  main_official.o(i.stop_mqtt)
    i.subcribe_mqtt                          0x0800402c   Section        0  main_official.o(i.subcribe_mqtt)
    locale$$code                             0x080040b8   Section       44  lc_numeric_c.o(locale$$code)
    x$fpl$dretinf                            0x080040e4   Section       12  dretinf.o(x$fpl$dretinf)
    $v0                                      0x080040e4   Number         0  dretinf.o(x$fpl$dretinf)
    x$fpl$f2d                                0x080040f0   Section       86  f2d.o(x$fpl$f2d)
    $v0                                      0x080040f0   Number         0  f2d.o(x$fpl$f2d)
    x$fpl$fnaninf                            0x08004146   Section      140  fnaninf.o(x$fpl$fnaninf)
    $v0                                      0x08004146   Number         0  fnaninf.o(x$fpl$fnaninf)
    x$fpl$fpinit                             0x080041d2   Section       10  fpinit.o(x$fpl$fpinit)
    $v0                                      0x080041d2   Number         0  fpinit.o(x$fpl$fpinit)
    x$fpl$printf1                            0x080041dc   Section        4  printf1.o(x$fpl$printf1)
    $v0                                      0x080041dc   Number         0  printf1.o(x$fpl$printf1)
    .constdata                               0x080041e0   Section        7  main_official.o(.constdata)
    x$fpl$usenofp                            0x080041e0   Section        0  usenofp.o(x$fpl$usenofp)
    .constdata                               0x080041e8   Section      148  bigflt0.o(.constdata)
    tenpwrs_x                                0x080041e8   Data          60  bigflt0.o(.constdata)
    tenpwrs_i                                0x08004224   Data          64  bigflt0.o(.constdata)
    .conststring                             0x0800427c   Section     1064  main_official.o(.conststring)
    locale$$data                             0x080046c4   Section       28  lc_numeric_c.o(locale$$data)
    __lcnum_c_name                           0x080046c8   Data           2  lc_numeric_c.o(locale$$data)
    __lcnum_c_start                          0x080046d0   Data           0  lc_numeric_c.o(locale$$data)
    __lcnum_c_point                          0x080046dc   Data           0  lc_numeric_c.o(locale$$data)
    __lcnum_c_thousands                      0x080046de   Data           0  lc_numeric_c.o(locale$$data)
    __lcnum_c_grouping                       0x080046df   Data           0  lc_numeric_c.o(locale$$data)
    __lcnum_c_end                            0x080046e0   Data           0  lc_numeric_c.o(locale$$data)
    .data                                    0x20000000   Section        8  system_timetick.o(.data)
    .data                                    0x20000008   Section      190  main_official.o(.data)
    .data                                    0x200000c6   Section       16  stm32f4xx_rcc.o(.data)
    APBAHBPrescTable                         0x200000c6   Data          16  stm32f4xx_rcc.o(.data)
    .bss                                     0x200000d8   Section     5411  main_official.o(.bss)
    .bss                                     0x200015fc   Section       96  libspace.o(.bss)
    HEAP                                     0x20001660   Section      512  startup_stm32f40_41xxx.o(HEAP)
    Heap_Mem                                 0x20001660   Data         512  startup_stm32f40_41xxx.o(HEAP)
    STACK                                    0x20001860   Section     1024  startup_stm32f40_41xxx.o(STACK)
    Stack_Mem                                0x20001860   Data        1024  startup_stm32f40_41xxx.o(STACK)
    __initial_sp                             0x20001c60   Data           0  startup_stm32f40_41xxx.o(STACK)

    Global Symbols

    Symbol Name                              Value     Ov Type        Size  Object(Section)

    BuildAttributes$$THM_ISAv4$E$P$D$K$B$S$7EM$VFPi3$EXTD16$VFPS$VFMA$PE$A:L22UL41UL21$X:L11$S22US41US21$IEEE1$IW$USESV6$~STKCKD$USESV7$~SHL$OTIME$ROPI$IEEEJ$EBA8$UX$STANDARDLIB$REQ8$PRES8$EABIv2 0x00000000   Number         0  anon$$obj.o ABSOLUTE
    __ARM_use_no_argv                        0x00000000   Number         0  main_official.o ABSOLUTE
    _printf_flags                            0x00000000   Number         0  printf_stubs.o ABSOLUTE
    _printf_return_value                     0x00000000   Number         0  printf_stubs.o ABSOLUTE
    _printf_sizespec                         0x00000000   Number         0  printf_stubs.o ABSOLUTE
    _printf_widthprec                        0x00000000   Number         0  printf_stubs.o ABSOLUTE
    __ARM_exceptions_init                     - Undefined Weak Reference
    __alloca_initialize                       - Undefined Weak Reference
    __arm_preinit_                            - Undefined Weak Reference
    __cpp_initialize__aeabi_                  - Undefined Weak Reference
    __cxa_finalize                            - Undefined Weak Reference
    __sigvec_lookup                           - Undefined Weak Reference
    __user_heap_extent                        - Undefined Weak Reference
    _atexit_init                              - Undefined Weak Reference
    _call_atexit_fns                          - Undefined Weak Reference
    _clock_init                               - Undefined Weak Reference
    _fp_trap_init                             - Undefined Weak Reference
    _fp_trap_shutdown                         - Undefined Weak Reference
    _get_lc_collate                           - Undefined Weak Reference
    _get_lc_ctype                             - Undefined Weak Reference
    _get_lc_monetary                          - Undefined Weak Reference
    _get_lc_time                              - Undefined Weak Reference
    _getenv_init                              - Undefined Weak Reference
    _handle_redirection                       - Undefined Weak Reference
    _initio                                   - Undefined Weak Reference
    _mutex_acquire                            - Undefined Weak Reference
    _mutex_free                               - Undefined Weak Reference
    _mutex_release                            - Undefined Weak Reference
    _printf_truncate_signed                   - Undefined Weak Reference
    _printf_truncate_unsigned                 - Undefined Weak Reference
    _rand_init                                - Undefined Weak Reference
    _signal_finish                            - Undefined Weak Reference
    _signal_init                              - Undefined Weak Reference
    _terminateio                              - Undefined Weak Reference
    __Vectors_Size                           0x00000188   Number         0  startup_stm32f40_41xxx.o ABSOLUTE
    __Vectors                                0x08000000   Data           4  startup_stm32f40_41xxx.o(RESET)
    __Vectors_End                            0x08000188   Data           0  startup_stm32f40_41xxx.o(RESET)
    __main                                   0x08000189   Thumb Code     8  __main.o(!!!main)
    __scatterload                            0x08000191   Thumb Code     0  __scatter.o(!!!scatter)
    __scatterload_rt2                        0x08000191   Thumb Code    44  __scatter.o(!!!scatter)
    __scatterload_rt2_thumb_only             0x08000191   Thumb Code     0  __scatter.o(!!!scatter)
    __scatterload_null                       0x0800019f   Thumb Code     0  __scatter.o(!!!scatter)
    __scatterload_copy                       0x080001c5   Thumb Code    26  __scatter_copy.o(!!handler_copy)
    __scatterload_zeroinit                   0x080001e1   Thumb Code    28  __scatter_zi.o(!!handler_zi)
    _printf_f                                0x080001fd   Thumb Code     0  _printf_f.o(.ARM.Collect$$_printf_percent$$00000003)
    _printf_percent                          0x080001fd   Thumb Code     0  _printf_percent.o(.ARM.Collect$$_printf_percent$$00000000)
    _printf_d                                0x08000203   Thumb Code     0  _printf_d.o(.ARM.Collect$$_printf_percent$$00000009)
    _printf_percent_end                      0x08000209   Thumb Code     0  _printf_percent_end.o(.ARM.Collect$$_printf_percent$$00000017)
    __rt_lib_init                            0x0800020d   Thumb Code     0  libinit.o(.ARM.Collect$$libinit$$00000000)
    __rt_lib_init_fp_1                       0x0800020f   Thumb Code     0  libinit2.o(.ARM.Collect$$libinit$$00000001)
    __rt_lib_init_heap_2                     0x08000213   Thumb Code     0  libinit2.o(.ARM.Collect$$libinit$$00000005)
    __rt_lib_init_preinit_1                  0x08000213   Thumb Code     0  libinit2.o(.ARM.Collect$$libinit$$00000004)
    __rt_lib_init_heap_1                     0x0800021b   Thumb Code     0  libinit2.o(.ARM.Collect$$libinit$$0000000A)
    __rt_lib_init_lc_common                  0x0800021b   Thumb Code     0  libinit2.o(.ARM.Collect$$libinit$$0000000F)
    __rt_lib_init_rand_1                     0x0800021b   Thumb Code     0  libinit2.o(.ARM.Collect$$libinit$$0000000E)
    __rt_lib_init_user_alloc_1               0x0800021b   Thumb Code     0  libinit2.o(.ARM.Collect$$libinit$$0000000C)
    __rt_lib_init_lc_collate_1               0x08000221   Thumb Code     0  libinit2.o(.ARM.Collect$$libinit$$00000011)
    __rt_lib_init_lc_ctype_1                 0x08000221   Thumb Code     0  libinit2.o(.ARM.Collect$$libinit$$00000013)
    __rt_lib_init_lc_monetary_1              0x08000221   Thumb Code     0  libinit2.o(.ARM.Collect$$libinit$$00000015)
    __rt_lib_init_lc_numeric_2               0x08000221   Thumb Code     0  libinit2.o(.ARM.Collect$$libinit$$00000016)
    __rt_lib_init_alloca_1                   0x0800022b   Thumb Code     0  libinit2.o(.ARM.Collect$$libinit$$0000002E)
    __rt_lib_init_argv_1                     0x0800022b   Thumb Code     0  libinit2.o(.ARM.Collect$$libinit$$0000002C)
    __rt_lib_init_atexit_1                   0x0800022b   Thumb Code     0  libinit2.o(.ARM.Collect$$libinit$$0000001B)
    __rt_lib_init_clock_1                    0x0800022b   Thumb Code     0  libinit2.o(.ARM.Collect$$libinit$$00000021)
    __rt_lib_init_cpp_1                      0x0800022b   Thumb Code     0  libinit2.o(.ARM.Collect$$libinit$$00000032)
    __rt_lib_init_exceptions_1               0x0800022b   Thumb Code     0  libinit2.o(.ARM.Collect$$libinit$$00000030)
    __rt_lib_init_fp_trap_1                  0x0800022b   Thumb Code     0  libinit2.o(.ARM.Collect$$libinit$$0000001F)
    __rt_lib_init_getenv_1                   0x0800022b   Thumb Code     0  libinit2.o(.ARM.Collect$$libinit$$00000023)
    __rt_lib_init_lc_numeric_1               0x0800022b   Thumb Code     0  libinit2.o(.ARM.Collect$$libinit$$00000017)
    __rt_lib_init_lc_time_1                  0x0800022b   Thumb Code     0  libinit2.o(.ARM.Collect$$libinit$$00000019)
    __rt_lib_init_return                     0x0800022b   Thumb Code     0  libinit2.o(.ARM.Collect$$libinit$$00000033)
    __rt_lib_init_signal_1                   0x0800022b   Thumb Code     0  libinit2.o(.ARM.Collect$$libinit$$0000001D)
    __rt_lib_init_stdio_1                    0x0800022b   Thumb Code     0  libinit2.o(.ARM.Collect$$libinit$$00000025)
    __rt_lib_shutdown                        0x0800022d   Thumb Code     0  libshutdown.o(.ARM.Collect$$libshutdown$$00000000)
    __rt_lib_shutdown_cpp_1                  0x0800022f   Thumb Code     0  libshutdown2.o(.ARM.Collect$$libshutdown$$00000002)
    __rt_lib_shutdown_fp_trap_1              0x0800022f   Thumb Code     0  libshutdown2.o(.ARM.Collect$$libshutdown$$00000007)
    __rt_lib_shutdown_heap_1                 0x0800022f   Thumb Code     0  libshutdown2.o(.ARM.Collect$$libshutdown$$0000000F)
    __rt_lib_shutdown_return                 0x0800022f   Thumb Code     0  libshutdown2.o(.ARM.Collect$$libshutdown$$00000010)
    __rt_lib_shutdown_signal_1               0x0800022f   Thumb Code     0  libshutdown2.o(.ARM.Collect$$libshutdown$$0000000A)
    __rt_lib_shutdown_stdio_1                0x0800022f   Thumb Code     0  libshutdown2.o(.ARM.Collect$$libshutdown$$00000004)
    __rt_lib_shutdown_user_alloc_1           0x0800022f   Thumb Code     0  libshutdown2.o(.ARM.Collect$$libshutdown$$0000000C)
    __rt_entry                               0x08000231   Thumb Code     0  __rtentry.o(.ARM.Collect$$rtentry$$00000000)
    __rt_entry_presh_1                       0x08000231   Thumb Code     0  __rtentry2.o(.ARM.Collect$$rtentry$$00000002)
    __rt_entry_sh                            0x08000231   Thumb Code     0  __rtentry4.o(.ARM.Collect$$rtentry$$00000004)
    __rt_entry_li                            0x08000237   Thumb Code     0  __rtentry2.o(.ARM.Collect$$rtentry$$0000000A)
    __rt_entry_postsh_1                      0x08000237   Thumb Code     0  __rtentry2.o(.ARM.Collect$$rtentry$$00000009)
    __rt_entry_main                          0x0800023b   Thumb Code     0  __rtentry2.o(.ARM.Collect$$rtentry$$0000000D)
    __rt_entry_postli_1                      0x0800023b   Thumb Code     0  __rtentry2.o(.ARM.Collect$$rtentry$$0000000C)
    __rt_exit                                0x08000243   Thumb Code     0  rtexit.o(.ARM.Collect$$rtexit$$00000000)
    __rt_exit_ls                             0x08000245   Thumb Code     0  rtexit2.o(.ARM.Collect$$rtexit$$00000003)
    __rt_exit_prels_1                        0x08000245   Thumb Code     0  rtexit2.o(.ARM.Collect$$rtexit$$00000002)
    __rt_exit_exit                           0x08000249   Thumb Code     0  rtexit2.o(.ARM.Collect$$rtexit$$00000004)
    Reset_Handler                            0x08000251   Thumb Code     8  startup_stm32f40_41xxx.o(.text)
    _maybe_terminate_alloc                   0x08000251   Thumb Code     0  maybetermalloc1.o(.emb_text)
    ADC_IRQHandler                           0x0800026b   Thumb Code     0  startup_stm32f40_41xxx.o(.text)
    CAN1_RX0_IRQHandler                      0x0800026b   Thumb Code     0  startup_stm32f40_41xxx.o(.text)
    CAN1_RX1_IRQHandler                      0x0800026b   Thumb Code     0  startup_stm32f40_41xxx.o(.text)
    CAN1_SCE_IRQHandler                      0x0800026b   Thumb Code     0  startup_stm32f40_41xxx.o(.text)
    CAN1_TX_IRQHandler                       0x0800026b   Thumb Code     0  startup_stm32f40_41xxx.o(.text)
    CAN2_RX0_IRQHandler                      0x0800026b   Thumb Code     0  startup_stm32f40_41xxx.o(.text)
    CAN2_RX1_IRQHandler                      0x0800026b   Thumb Code     0  startup_stm32f40_41xxx.o(.text)
    CAN2_SCE_IRQHandler                      0x0800026b   Thumb Code     0  startup_stm32f40_41xxx.o(.text)
    CAN2_TX_IRQHandler                       0x0800026b   Thumb Code     0  startup_stm32f40_41xxx.o(.text)
    CRYP_IRQHandler                          0x0800026b   Thumb Code     0  startup_stm32f40_41xxx.o(.text)
    DCMI_IRQHandler                          0x0800026b   Thumb Code     0  startup_stm32f40_41xxx.o(.text)
    DMA1_Stream0_IRQHandler                  0x0800026b   Thumb Code     0  startup_stm32f40_41xxx.o(.text)
    DMA1_Stream2_IRQHandler                  0x0800026b   Thumb Code     0  startup_stm32f40_41xxx.o(.text)
    DMA1_Stream3_IRQHandler                  0x0800026b   Thumb Code     0  startup_stm32f40_41xxx.o(.text)
    DMA1_Stream4_IRQHandler                  0x0800026b   Thumb Code     0  startup_stm32f40_41xxx.o(.text)
    DMA1_Stream5_IRQHandler                  0x0800026b   Thumb Code     0  startup_stm32f40_41xxx.o(.text)
    DMA1_Stream6_IRQHandler                  0x0800026b   Thumb Code     0  startup_stm32f40_41xxx.o(.text)
    DMA1_Stream7_IRQHandler                  0x0800026b   Thumb Code     0  startup_stm32f40_41xxx.o(.text)
    DMA2_Stream0_IRQHandler                  0x0800026b   Thumb Code     0  startup_stm32f40_41xxx.o(.text)
    DMA2_Stream1_IRQHandler                  0x0800026b   Thumb Code     0  startup_stm32f40_41xxx.o(.text)
    DMA2_Stream2_IRQHandler                  0x0800026b   Thumb Code     0  startup_stm32f40_41xxx.o(.text)
    DMA2_Stream3_IRQHandler                  0x0800026b   Thumb Code     0  startup_stm32f40_41xxx.o(.text)
    DMA2_Stream4_IRQHandler                  0x0800026b   Thumb Code     0  startup_stm32f40_41xxx.o(.text)
    DMA2_Stream5_IRQHandler                  0x0800026b   Thumb Code     0  startup_stm32f40_41xxx.o(.text)
    DMA2_Stream6_IRQHandler                  0x0800026b   Thumb Code     0  startup_stm32f40_41xxx.o(.text)
    DMA2_Stream7_IRQHandler                  0x0800026b   Thumb Code     0  startup_stm32f40_41xxx.o(.text)
    ETH_IRQHandler                           0x0800026b   Thumb Code     0  startup_stm32f40_41xxx.o(.text)
    ETH_WKUP_IRQHandler                      0x0800026b   Thumb Code     0  startup_stm32f40_41xxx.o(.text)
    EXTI15_10_IRQHandler                     0x0800026b   Thumb Code     0  startup_stm32f40_41xxx.o(.text)
    EXTI2_IRQHandler                         0x0800026b   Thumb Code     0  startup_stm32f40_41xxx.o(.text)
    EXTI3_IRQHandler                         0x0800026b   Thumb Code     0  startup_stm32f40_41xxx.o(.text)
    EXTI4_IRQHandler                         0x0800026b   Thumb Code     0  startup_stm32f40_41xxx.o(.text)
    EXTI9_5_IRQHandler                       0x0800026b   Thumb Code     0  startup_stm32f40_41xxx.o(.text)
    FLASH_IRQHandler                         0x0800026b   Thumb Code     0  startup_stm32f40_41xxx.o(.text)
    FPU_IRQHandler                           0x0800026b   Thumb Code     0  startup_stm32f40_41xxx.o(.text)
    FSMC_IRQHandler                          0x0800026b   Thumb Code     0  startup_stm32f40_41xxx.o(.text)
    HASH_RNG_IRQHandler                      0x0800026b   Thumb Code     0  startup_stm32f40_41xxx.o(.text)
    I2C1_ER_IRQHandler                       0x0800026b   Thumb Code     0  startup_stm32f40_41xxx.o(.text)
    I2C1_EV_IRQHandler                       0x0800026b   Thumb Code     0  startup_stm32f40_41xxx.o(.text)
    I2C2_ER_IRQHandler                       0x0800026b   Thumb Code     0  startup_stm32f40_41xxx.o(.text)
    I2C2_EV_IRQHandler                       0x0800026b   Thumb Code     0  startup_stm32f40_41xxx.o(.text)
    I2C3_ER_IRQHandler                       0x0800026b   Thumb Code     0  startup_stm32f40_41xxx.o(.text)
    I2C3_EV_IRQHandler                       0x0800026b   Thumb Code     0  startup_stm32f40_41xxx.o(.text)
    OTG_FS_IRQHandler                        0x0800026b   Thumb Code     0  startup_stm32f40_41xxx.o(.text)
    OTG_FS_WKUP_IRQHandler                   0x0800026b   Thumb Code     0  startup_stm32f40_41xxx.o(.text)
    OTG_HS_EP1_IN_IRQHandler                 0x0800026b   Thumb Code     0  startup_stm32f40_41xxx.o(.text)
    OTG_HS_EP1_OUT_IRQHandler                0x0800026b   Thumb Code     0  startup_stm32f40_41xxx.o(.text)
    OTG_HS_IRQHandler                        0x0800026b   Thumb Code     0  startup_stm32f40_41xxx.o(.text)
    OTG_HS_WKUP_IRQHandler                   0x0800026b   Thumb Code     0  startup_stm32f40_41xxx.o(.text)
    PVD_IRQHandler                           0x0800026b   Thumb Code     0  startup_stm32f40_41xxx.o(.text)
    RCC_IRQHandler                           0x0800026b   Thumb Code     0  startup_stm32f40_41xxx.o(.text)
    RTC_Alarm_IRQHandler                     0x0800026b   Thumb Code     0  startup_stm32f40_41xxx.o(.text)
    RTC_WKUP_IRQHandler                      0x0800026b   Thumb Code     0  startup_stm32f40_41xxx.o(.text)
    SDIO_IRQHandler                          0x0800026b   Thumb Code     0  startup_stm32f40_41xxx.o(.text)
    SPI1_IRQHandler                          0x0800026b   Thumb Code     0  startup_stm32f40_41xxx.o(.text)
    SPI2_IRQHandler                          0x0800026b   Thumb Code     0  startup_stm32f40_41xxx.o(.text)
    SPI3_IRQHandler                          0x0800026b   Thumb Code     0  startup_stm32f40_41xxx.o(.text)
    TAMP_STAMP_IRQHandler                    0x0800026b   Thumb Code     0  startup_stm32f40_41xxx.o(.text)
    TIM1_BRK_TIM9_IRQHandler                 0x0800026b   Thumb Code     0  startup_stm32f40_41xxx.o(.text)
    TIM1_CC_IRQHandler                       0x0800026b   Thumb Code     0  startup_stm32f40_41xxx.o(.text)
    TIM1_TRG_COM_TIM11_IRQHandler            0x0800026b   Thumb Code     0  startup_stm32f40_41xxx.o(.text)
    TIM1_UP_TIM10_IRQHandler                 0x0800026b   Thumb Code     0  startup_stm32f40_41xxx.o(.text)
    TIM2_IRQHandler                          0x0800026b   Thumb Code     0  startup_stm32f40_41xxx.o(.text)
    TIM3_IRQHandler                          0x0800026b   Thumb Code     0  startup_stm32f40_41xxx.o(.text)
    TIM4_IRQHandler                          0x0800026b   Thumb Code     0  startup_stm32f40_41xxx.o(.text)
    TIM5_IRQHandler                          0x0800026b   Thumb Code     0  startup_stm32f40_41xxx.o(.text)
    TIM6_DAC_IRQHandler                      0x0800026b   Thumb Code     0  startup_stm32f40_41xxx.o(.text)
    TIM8_BRK_TIM12_IRQHandler                0x0800026b   Thumb Code     0  startup_stm32f40_41xxx.o(.text)
    TIM8_CC_IRQHandler                       0x0800026b   Thumb Code     0  startup_stm32f40_41xxx.o(.text)
    TIM8_TRG_COM_TIM14_IRQHandler            0x0800026b   Thumb Code     0  startup_stm32f40_41xxx.o(.text)
    TIM8_UP_TIM13_IRQHandler                 0x0800026b   Thumb Code     0  startup_stm32f40_41xxx.o(.text)
    UART4_IRQHandler                         0x0800026b   Thumb Code     0  startup_stm32f40_41xxx.o(.text)
    UART5_IRQHandler                         0x0800026b   Thumb Code     0  startup_stm32f40_41xxx.o(.text)
    USART1_IRQHandler                        0x0800026b   Thumb Code     0  startup_stm32f40_41xxx.o(.text)
    USART2_IRQHandler                        0x0800026b   Thumb Code     0  startup_stm32f40_41xxx.o(.text)
    USART3_IRQHandler                        0x0800026b   Thumb Code     0  startup_stm32f40_41xxx.o(.text)
    USART6_IRQHandler                        0x0800026b   Thumb Code     0  startup_stm32f40_41xxx.o(.text)
    WWDG_IRQHandler                          0x0800026b   Thumb Code     0  startup_stm32f40_41xxx.o(.text)
    __user_initial_stackheap                 0x0800026d   Thumb Code     0  startup_stm32f40_41xxx.o(.text)
    calloc                                   0x08000291   Thumb Code    40  calloc.o(.text)
    free                                     0x080002b9   Thumb Code    78  h1_free.o(.text)
    __2sprintf                               0x08000309   Thumb Code    34  noretval__2sprintf.o(.text)
    _printf_pre_padding                      0x08000331   Thumb Code    44  _printf_pad.o(.text)
    _printf_post_padding                     0x0800035d   Thumb Code    34  _printf_pad.o(.text)
    _printf_int_dec                          0x08000381   Thumb Code   104  _printf_dec.o(.text)
    __printf                                 0x080003f9   Thumb Code   270  __printf_wp.o(.text)
    strstr                                   0x08000507   Thumb Code    36  strstr.o(.text)
    strlen                                   0x0800052b   Thumb Code    62  strlen.o(.text)
    __use_two_region_memory                  0x08000569   Thumb Code     2  heapauxi.o(.text)
    __rt_heap_escrow                         0x0800056b   Thumb Code     2  heapauxi.o(.text)
    __rt_heap_expand                         0x0800056d   Thumb Code     2  heapauxi.o(.text)
    __rt_heap_descriptor                     0x08000571   Thumb Code     8  rt_heap_descriptor_intlibspace.o(.text)
    __use_no_heap                            0x08000579   Thumb Code     2  hguard.o(.text)
    __heap$guard                             0x0800057b   Thumb Code     2  hguard.o(.text)
    _terminate_user_alloc                    0x0800057d   Thumb Code     2  init_alloc.o(.text)
    _init_user_alloc                         0x0800057f   Thumb Code     2  init_alloc.o(.text)
    __Heap_Full                              0x08000581   Thumb Code    34  init_alloc.o(.text)
    __Heap_Broken                            0x080005a3   Thumb Code     6  init_alloc.o(.text)
    _init_alloc                              0x080005a9   Thumb Code    94  init_alloc.o(.text)
    malloc                                   0x08000607   Thumb Code    94  h1_alloc.o(.text)
    _printf_int_common                       0x08000665   Thumb Code   178  _printf_intcommon.o(.text)
    __lib_sel_fp_printf                      0x08000717   Thumb Code     2  _printf_fp_dec.o(.text)
    _printf_fp_dec_real                      0x080008c9   Thumb Code   620  _printf_fp_dec.o(.text)
    _printf_char_common                      0x08000b3f   Thumb Code    32  _printf_char_common.o(.text)
    _sputc                                   0x08000b65   Thumb Code    10  _sputc.o(.text)
    __aeabi_memclr                           0x08000b6f   Thumb Code     0  rt_memclr.o(.text)
    __rt_memclr                              0x08000b6f   Thumb Code    68  rt_memclr.o(.text)
    _memset                                  0x08000b73   Thumb Code     0  rt_memclr.o(.text)
    __user_libspace                          0x08000bb5   Thumb Code     8  libspace.o(.text)
    __user_perproc_libspace                  0x08000bb5   Thumb Code     0  libspace.o(.text)
    __user_perthread_libspace                0x08000bb5   Thumb Code     0  libspace.o(.text)
    __rt_locale                              0x08000bbd   Thumb Code     8  rt_locale_intlibspace.o(.text)
    __Heap_Initialize                        0x08000bc5   Thumb Code    10  h1_init.o(.text)
    __Heap_DescSize                          0x08000bcf   Thumb Code     4  h1_init.o(.text)
    __Heap_ProvideMemory                     0x08000bd3   Thumb Code    52  h1_extend.o(.text)
    _ll_udiv10                               0x08000c07   Thumb Code   138  lludiv10.o(.text)
    _printf_fp_infnan                        0x08000c91   Thumb Code   112  _printf_fp_infnan.o(.text)
    _btod_etento                             0x08000d11   Thumb Code   224  bigflt0.o(.text)
    __rt_SIGRTMEM                            0x08000df5   Thumb Code    14  defsig_rtmem_outer.o(.text)
    __aeabi_memclr4                          0x08000e03   Thumb Code     0  rt_memclr_w.o(.text)
    __aeabi_memclr8                          0x08000e03   Thumb Code     0  rt_memclr_w.o(.text)
    __rt_memclr_w                            0x08000e03   Thumb Code    78  rt_memclr_w.o(.text)
    _memset_w                                0x08000e07   Thumb Code     0  rt_memclr_w.o(.text)
    __user_setup_stackheap                   0x08000e51   Thumb Code    74  sys_stackheap_outer.o(.text)
    exit                                     0x08000e9b   Thumb Code    18  exit.o(.text)
    __sig_exit                               0x08000ead   Thumb Code    10  defsig_exit.o(.text)
    __rt_SIGRTMEM_inner                      0x08000eb9   Thumb Code    22  defsig_rtmem_inner.o(.text)
    strcmp                                   0x08000f09   Thumb Code   128  strcmpv7m.o(.text)
    _sys_exit                                0x08000f89   Thumb Code     8  sys_exit.o(.text)
    __I$use$semihosting                      0x08000f95   Thumb Code     0  use_no_semi.o(.text)
    __use_no_semihosting_swi                 0x08000f95   Thumb Code     2  use_no_semi.o(.text)
    __default_signal_display                 0x08000f97   Thumb Code    50  defsig_general.o(.text)
    __semihosting_library_function           0x08000f97   Thumb Code     0  indicate_semi.o(.text)
    _ttywrch                                 0x08000fc9   Thumb Code    14  sys_wrch.o(.text)
    _btod_d2e                                0x08000fd7   Thumb Code    62  btod.o(CL$$btod_d2e)
    _d2e_denorm_low                          0x08001015   Thumb Code    70  btod.o(CL$$btod_d2e_denorm_low)
    _d2e_norm_op1                            0x0800105b   Thumb Code    96  btod.o(CL$$btod_d2e_norm_op1)
    __btod_div_common                        0x080010bb   Thumb Code   696  btod.o(CL$$btod_div_common)
    _e2e                                     0x080013f3   Thumb Code   220  btod.o(CL$$btod_e2e)
    _btod_ediv                               0x080014cf   Thumb Code    42  btod.o(CL$$btod_ediv)
    _btod_emul                               0x080014f9   Thumb Code    42  btod.o(CL$$btod_emul)
    __btod_mult_common                       0x08001523   Thumb Code   580  btod.o(CL$$btod_mult_common)
    BusFault_Handler                         0x08001767   Thumb Code     4  system_timetick.o(i.BusFault_Handler)
    DMA1_Stream1_IRQHandler                  0x0800176d   Thumb Code  1682  main_official.o(i.DMA1_Stream1_IRQHandler)
    DMA_ClearFlag                            0x08001e69   Thumb Code    38  stm32f4xx_dma.o(i.DMA_ClearFlag)
    DMA_ClearITPendingBit                    0x08001e9d   Thumb Code    38  stm32f4xx_dma.o(i.DMA_ClearITPendingBit)
    DMA_Cmd                                  0x08001ed1   Thumb Code    22  stm32f4xx_dma.o(i.DMA_Cmd)
    DMA_ITConfig                             0x08001ee7   Thumb Code    58  stm32f4xx_dma.o(i.DMA_ITConfig)
    DMA_Init                                 0x08001f21   Thumb Code    82  stm32f4xx_dma.o(i.DMA_Init)
    DebugMon_Handler                         0x08001f79   Thumb Code     2  system_timetick.o(i.DebugMon_Handler)
    EXTI0_IRQHandler                         0x08001f7d   Thumb Code    16  main_official.o(i.EXTI0_IRQHandler)
    EXTI1_IRQHandler                         0x08001f91   Thumb Code    16  main_official.o(i.EXTI1_IRQHandler)
    EXTI_ClearFlag                           0x08001fa5   Thumb Code     6  stm32f4xx_exti.o(i.EXTI_ClearFlag)
    EXTI_Init                                0x08001fb1   Thumb Code   142  stm32f4xx_exti.o(i.EXTI_Init)
    EXTI_StructInit                          0x08002045   Thumb Code    16  stm32f4xx_exti.o(i.EXTI_StructInit)
    GPIO_Init                                0x08002055   Thumb Code   144  stm32f4xx_gpio.o(i.GPIO_Init)
    GPIO_PinAFConfig                         0x080020e5   Thumb Code    70  stm32f4xx_gpio.o(i.GPIO_PinAFConfig)
    GPIO_ReadInputDataBit                    0x0800212b   Thumb Code    18  stm32f4xx_gpio.o(i.GPIO_ReadInputDataBit)
    GPIO_ReadOutputDataBit                   0x0800213d   Thumb Code    18  stm32f4xx_gpio.o(i.GPIO_ReadOutputDataBit)
    GPIO_ResetBits                           0x0800214f   Thumb Code     4  stm32f4xx_gpio.o(i.GPIO_ResetBits)
    GPIO_SetBits                             0x08002153   Thumb Code     4  stm32f4xx_gpio.o(i.GPIO_SetBits)
    GPIO_ToggleBits                          0x08002157   Thumb Code     8  stm32f4xx_gpio.o(i.GPIO_ToggleBits)
    HardFault_Handler                        0x0800215f   Thumb Code     4  system_timetick.o(i.HardFault_Handler)
    I2C_AcknowledgeConfig                    0x08002163   Thumb Code    24  stm32f4xx_i2c.o(i.I2C_AcknowledgeConfig)
    I2C_CheckEvent                           0x0800217b   Thumb Code    42  stm32f4xx_i2c.o(i.I2C_CheckEvent)
    I2C_Cmd                                  0x080021a5   Thumb Code    24  stm32f4xx_i2c.o(i.I2C_Cmd)
    I2C_GenerateSTART                        0x080021bd   Thumb Code    24  stm32f4xx_i2c.o(i.I2C_GenerateSTART)
    I2C_GenerateSTOP                         0x080021d5   Thumb Code    24  stm32f4xx_i2c.o(i.I2C_GenerateSTOP)
    I2C_GetFlagStatus                        0x080021ed   Thumb Code    58  stm32f4xx_i2c.o(i.I2C_GetFlagStatus)
    I2C_Init                                 0x08002229   Thumb Code   218  stm32f4xx_i2c.o(i.I2C_Init)
    I2C_ReceiveData                          0x08002311   Thumb Code     8  stm32f4xx_i2c.o(i.I2C_ReceiveData)
    I2C_Send7bitAddress                      0x08002319   Thumb Code    16  stm32f4xx_i2c.o(i.I2C_Send7bitAddress)
    I2C_SendData                             0x08002329   Thumb Code     4  stm32f4xx_i2c.o(i.I2C_SendData)
    I2C_read_nack                            0x0800232d   Thumb Code    46  main_official.o(i.I2C_read_nack)
    I2C_start                                0x08002361   Thumb Code    96  main_official.o(i.I2C_start)
    I2C_stop                                 0x080023c9   Thumb Code    44  main_official.o(i.I2C_stop)
    I2C_write                                0x080023f9   Thumb Code    30  main_official.o(i.I2C_write)
    LIGHT_RX                                 0x0800241d   Thumb Code   104  main_official.o(i.LIGHT_RX)
    MemManage_Handler                        0x0800248d   Thumb Code     4  system_timetick.o(i.MemManage_Handler)
    NMI_Handler                              0x08002491   Thumb Code     2  system_timetick.o(i.NMI_Handler)
    NVIC_Init                                0x08002495   Thumb Code   106  misc.o(i.NVIC_Init)
    PendSV_Handler                           0x0800250d   Thumb Code     2  system_timetick.o(i.PendSV_Handler)
    RCC_AHB1PeriphClockCmd                   0x08002511   Thumb Code    26  stm32f4xx_rcc.o(i.RCC_AHB1PeriphClockCmd)
    RCC_APB1PeriphClockCmd                   0x08002531   Thumb Code    26  stm32f4xx_rcc.o(i.RCC_APB1PeriphClockCmd)
    RCC_APB2PeriphClockCmd                   0x08002551   Thumb Code    26  stm32f4xx_rcc.o(i.RCC_APB2PeriphClockCmd)
    RCC_GetClocksFreq                        0x08002571   Thumb Code   214  stm32f4xx_rcc.o(i.RCC_GetClocksFreq)
    SELEC_dataConvert                        0x08002659   Thumb Code    32  main_official.o(i.SELEC_dataConvert)
    SVC_Handler                              0x08002679   Thumb Code     2  system_timetick.o(i.SVC_Handler)
    SYSCFG_EXTILineConfig                    0x0800267d   Thumb Code    60  stm32f4xx_syscfg.o(i.SYSCFG_EXTILineConfig)
    SysTick_Handler                          0x080027a9   Thumb Code    18  system_timetick.o(i.SysTick_Handler)
    SystemInit                               0x080027c5   Thumb Code    88  system_stm32f4xx.o(i.SystemInit)
    TIM7_IRQHandler                          0x0800282d   Thumb Code   416  main_official.o(i.TIM7_IRQHandler)
    TIM_ClearFlag                            0x08002a4d   Thumb Code     6  stm32f4xx_tim.o(i.TIM_ClearFlag)
    TIM_Cmd                                  0x08002a53   Thumb Code    24  stm32f4xx_tim.o(i.TIM_Cmd)
    TIM_ITConfig                             0x08002a6b   Thumb Code    18  stm32f4xx_tim.o(i.TIM_ITConfig)
    TIM_TimeBaseInit                         0x08002a7d   Thumb Code   104  stm32f4xx_tim.o(i.TIM_TimeBaseInit)
    USART_Cmd                                0x08002b01   Thumb Code    24  stm32f4xx_usart.o(i.USART_Cmd)
    USART_DMACmd                             0x08002b19   Thumb Code    18  stm32f4xx_usart.o(i.USART_DMACmd)
    USART_GetFlagStatus                      0x08002b2b   Thumb Code    26  stm32f4xx_usart.o(i.USART_GetFlagStatus)
    USART_Init                               0x08002b45   Thumb Code   204  stm32f4xx_usart.o(i.USART_Init)
    USART_SendData                           0x08002c19   Thumb Code     8  stm32f4xx_usart.o(i.USART_SendData)
    USART_put                                0x08002c21   Thumb Code    40  main_official.o(i.USART_put)
    UsageFault_Handler                       0x08002c49   Thumb Code     4  system_timetick.o(i.UsageFault_Handler)
    __ARM_fpclassify                         0x08002c4d   Thumb Code    48  fpclassify.o(i.__ARM_fpclassify)
    _is_digit                                0x08002c7d   Thumb Code    14  __printf_wp.o(i._is_digit)
    cabin                                    0x08002c8d   Thumb Code   178  main_official.o(i.cabin)
    clearString                              0x08002d85   Thumb Code    30  main_official.o(i.clearString)
    delay_01ms                               0x08002da5   Thumb Code    66  main_official.o(i.delay_01ms)
    detect_string                            0x08002ded   Thumb Code    26  main_official.o(i.detect_string)
    ds1307_get_rtc_data                      0x08002e09   Thumb Code    82  main_official.o(i.ds1307_get_rtc_data)
    ds1307_get_rtc_date                      0x08002e61   Thumb Code    14  main_official.o(i.ds1307_get_rtc_date)
    ds1307_get_rtc_datetime                  0x08002e75   Thumb Code   134  main_official.o(i.ds1307_get_rtc_datetime)
    ds1307_get_rtc_day                       0x08002f01   Thumb Code    14  main_official.o(i.ds1307_get_rtc_day)
    ds1307_get_rtc_hour                      0x08002f15   Thumb Code    14  main_official.o(i.ds1307_get_rtc_hour)
    ds1307_get_rtc_minute                    0x08002f29   Thumb Code    14  main_official.o(i.ds1307_get_rtc_minute)
    ds1307_get_rtc_month                     0x08002f3d   Thumb Code    14  main_official.o(i.ds1307_get_rtc_month)
    ds1307_get_rtc_second                    0x08002f51   Thumb Code    14  main_official.o(i.ds1307_get_rtc_second)
    ds1307_get_rtc_year                      0x08002f65   Thumb Code    14  main_official.o(i.ds1307_get_rtc_year)
    ds1307_init_rtc                          0x08002f79   Thumb Code    44  main_official.o(i.ds1307_init_rtc)
    ds1307_set_rtc_data                      0x08002fa9   Thumb Code    58  main_official.o(i.ds1307_set_rtc_data)
    ds1307_set_rtc_datetime                  0x0800302d   Thumb Code   282  main_official.o(i.ds1307_set_rtc_datetime)
    eeprom_at24cxx_read_multi                0x0800314d   Thumb Code   294  main_official.o(i.eeprom_at24cxx_read_multi)
    eeprom_at24cxx_write_multi               0x08003281   Thumb Code   112  main_official.o(i.eeprom_at24cxx_write_multi)
    get_mess_from_rx                         0x080033d9   Thumb Code   102  main_official.o(i.get_mess_from_rx)
    init_main                                0x0800344d   Thumb Code   848  main_official.o(i.init_main)
    lengthString                             0x080037d1   Thumb Code    20  main_official.o(i.lengthString)
    main                                     0x080037e5   Thumb Code   962  main_official.o(i.main)
    print_f                                  0x08003ce1   Thumb Code    46  main_official.o(i.print_f)
    receive                                  0x08003d0f   Thumb Code    46  main_official.o(i.receive)
    rs485                                    0x08003d3d   Thumb Code   562  main_official.o(i.rs485)
    start_mqtt                               0x08003f89   Thumb Code    40  main_official.o(i.start_mqtt)
    stop_mqtt                                0x08003fe5   Thumb Code    40  main_official.o(i.stop_mqtt)
    subcribe_mqtt                            0x0800402d   Thumb Code    72  main_official.o(i.subcribe_mqtt)
    _get_lc_numeric                          0x080040b9   Thumb Code    44  lc_numeric_c.o(locale$$code)
    __fpl_dretinf                            0x080040e5   Thumb Code    12  dretinf.o(x$fpl$dretinf)
    __aeabi_f2d                              0x080040f1   Thumb Code     0  f2d.o(x$fpl$f2d)
    _f2d                                     0x080040f1   Thumb Code    86  f2d.o(x$fpl$f2d)
    __fpl_fnaninf                            0x08004147   Thumb Code   140  fnaninf.o(x$fpl$fnaninf)
    _fp_init                                 0x080041d3   Thumb Code    10  fpinit.o(x$fpl$fpinit)
    __fplib_config_fpu_vfp                   0x080041db   Thumb Code     0  fpinit.o(x$fpl$fpinit)
    __fplib_config_pureend_doubles           0x080041db   Thumb Code     0  fpinit.o(x$fpl$fpinit)
    _printf_fp_dec                           0x080041dd   Thumb Code     4  printf1.o(x$fpl$printf1)
    __I$use$fp                               0x080041e0   Number         0  usenofp.o(x$fpl$usenofp)
    Region$$Table$$Base                      0x080046a4   Number         0  anon$$obj.o(Region$$Table)
    Region$$Table$$Limit                     0x080046c4   Number         0  anon$$obj.o(Region$$Table)
    tick_count                               0x20000000   Data           4  system_timetick.o(.data)
    tick_flag                                0x20000004   Data           4  system_timetick.o(.data)
    g_return_value                           0x20000008   Data           4  main_official.o(.data)
    neutralVolt_phase1                       0x2000000c   Data           4  main_official.o(.data)
    neutralVolt_phase2                       0x20000010   Data           4  main_official.o(.data)
    neutralVolt_phase3                       0x20000014   Data           4  main_official.o(.data)
    electricity_neutralVolt                  0x20000018   Data           4  main_official.o(.data)
    lineVolt_phase1                          0x2000001c   Data           4  main_official.o(.data)
    lineVolt_phase2                          0x20000020   Data           4  main_official.o(.data)
    lineVolt_phase3                          0x20000024   Data           4  main_official.o(.data)
    electricity_lineVolt                     0x20000028   Data           4  main_official.o(.data)
    current_phase1                           0x2000002c   Data           4  main_official.o(.data)
    current_phase2                           0x20000030   Data           4  main_official.o(.data)
    current_phase3                           0x20000034   Data           4  main_official.o(.data)
    electricity_current                      0x20000038   Data           4  main_official.o(.data)
    kW_phase1                                0x2000003c   Data           4  main_official.o(.data)
    kW_phase2                                0x20000040   Data           4  main_official.o(.data)
    kW_phase3                                0x20000044   Data           4  main_official.o(.data)
    kVA_phase1                               0x20000048   Data           4  main_official.o(.data)
    kVA_phase2                               0x2000004c   Data           4  main_official.o(.data)
    kVA_phase3                               0x20000050   Data           4  main_official.o(.data)
    kVAr_phase1                              0x20000054   Data           4  main_official.o(.data)
    kVAr_phase2                              0x20000058   Data           4  main_official.o(.data)
    kVAr_phase3                              0x2000005c   Data           4  main_official.o(.data)
    electricity_kW                           0x20000060   Data           4  main_official.o(.data)
    electricity_kVA                          0x20000064   Data           4  main_official.o(.data)
    electricity_kVAr                         0x20000068   Data           4  main_official.o(.data)
    PF_phase1                                0x2000006c   Data           4  main_official.o(.data)
    PF_phase2                                0x20000070   Data           4  main_official.o(.data)
    PF_phase3                                0x20000074   Data           4  main_official.o(.data)
    electricity_PF                           0x20000078   Data           4  main_official.o(.data)
    electricity_frequency                    0x2000007c   Data           4  main_official.o(.data)
    electricity_kWh                          0x20000080   Data           4  main_official.o(.data)
    m                                        0x20000084   Data           1  main_official.o(.data)
    test                                     0x20000085   Data           1  main_official.o(.data)
    on_1                                     0x20000086   Data           1  main_official.o(.data)
    on_2                                     0x20000087   Data           1  main_official.o(.data)
    DL_ON                                    0x20000088   Data           1  main_official.o(.data)
    DL_OFF                                   0x20000089   Data           1  main_official.o(.data)
    scan                                     0x2000008a   Data           1  main_official.o(.data)
    sensorA                                  0x2000008b   Data           1  main_official.o(.data)
    sensorB                                  0x2000008c   Data           1  main_official.o(.data)
    publish                                  0x2000008d   Data           1  main_official.o(.data)
    start_up                                 0x2000008e   Data           1  main_official.o(.data)
    status_1                                 0x2000008f   Data           1  main_official.o(.data)
    status_2                                 0x20000090   Data           1  main_official.o(.data)
    status_3                                 0x20000091   Data           1  main_official.o(.data)
    status_4                                 0x20000092   Data           1  main_official.o(.data)
    lphase1                                  0x20000094   Data           4  main_official.o(.data)
    lphase2                                  0x20000098   Data           4  main_official.o(.data)
    lphase3                                  0x2000009c   Data           4  main_official.o(.data)
    lphaseT                                  0x200000a0   Data           4  main_official.o(.data)
    ltime                                    0x200000a4   Data           4  main_official.o(.data)
    status                                   0x200000a8   Data           4  main_official.o(.data)
    sumary                                   0x200000ac   Data           4  main_official.o(.data)
    allphase                                 0x200000b0   Data           4  main_official.o(.data)
    ds_data                                  0x200000b4   Data           1  main_official.o(.data)
    pre_NDTR                                 0x200000b6   Data           2  main_official.o(.data)
    pre_NDTR_USART3                          0x200000b8   Data           2  main_official.o(.data)
    pre_NDTR_USART6                          0x200000ba   Data           2  main_official.o(.data)
    Timingdelay                              0x200000bc   Data           2  main_official.o(.data)
    count                                    0x200000c0   Data           4  main_official.o(.data)
    time_second                              0x200000c4   Data           2  main_official.o(.data)
    selec                                    0x200000d8   Data         272  main_official.o(.bss)
    receive_usart3                           0x200001e8   Data         125  main_official.o(.bss)
    echo                                     0x20000265   Data         500  main_official.o(.bss)
    rxbuff                                   0x20000459   Data        1000  main_official.o(.bss)
    rxbuff_3                                 0x20000841   Data         125  main_official.o(.bss)
    rxbuff_6                                 0x200008be   Data         500  main_official.o(.bss)
    EEROM                                    0x20000ab2   Data         500  main_official.o(.bss)
    cabinet_SELEC_phase1                     0x20000ca6   Data         120  main_official.o(.bss)
    cabinet_SELEC_phase2                     0x20000d1e   Data         120  main_official.o(.bss)
    cabinet_SELEC_phase3                     0x20000d96   Data         120  main_official.o(.bss)
    cabinet_SELEC_summary                    0x20000e0e   Data         150  main_official.o(.bss)
    String_SELEC                             0x20000ea4   Data         500  main_official.o(.bss)
    String_phase1                            0x20001098   Data          50  main_official.o(.bss)
    String_phase2                            0x200010ca   Data          50  main_official.o(.bss)
    String_phase3                            0x200010fc   Data          50  main_official.o(.bss)
    String_phaseT                            0x2000112e   Data          50  main_official.o(.bss)
    String_time                              0x20001160   Data          50  main_official.o(.bss)
    buffer                                   0x20001192   Data         128  main_official.o(.bss)
    Buff_Str                                 0x20001212   Data          89  main_official.o(.bss)
    Buff_Str1                                0x2000126b   Data          89  main_official.o(.bss)
    Buff_Str2                                0x200012c4   Data         126  main_official.o(.bss)
    EEPROM                                   0x20001342   Data         500  main_official.o(.bss)
    relayA                                   0x20001536   Data          13  main_official.o(.bss)
    relayB                                   0x20001543   Data          13  main_official.o(.bss)
    r_relayA                                 0x20001550   Data          13  main_official.o(.bss)
    r_relayB                                 0x2000155d   Data          13  main_official.o(.bss)
    sensor_A                                 0x2000156a   Data          15  main_official.o(.bss)
    sensor_B                                 0x20001579   Data          14  main_official.o(.bss)
    r_sensor_A                               0x20001587   Data          15  main_official.o(.bss)
    r_sensor_B                               0x20001596   Data          14  main_official.o(.bss)
    rs                                       0x200015a4   Data          55  main_official.o(.bss)
    buffer_selec                             0x200015db   Data          32  main_official.o(.bss)
    __libspace_start                         0x200015fc   Data          96  libspace.o(.bss)
    __temporary_stack_top$libspace           0x2000165c   Data           0  libspace.o(.bss)



==============================================================================

Memory Map of the image

  Image Entry point : 0x08000251

  Load Region LR_1 (Base: 0x08000000, Size: 0x000047b8, Max: 0xffffffff, ABSOLUTE)

    Execution Region ER_RO (Exec base: 0x08000000, Load base: 0x08000000, Size: 0x000046e0, Max: 0xffffffff, ABSOLUTE)

    Exec Addr    Load Addr    Size         Type   Attr      Idx    E Section Name        Object

    0x08000000   0x08000000   0x00000188   Data   RO            3    RESET               startup_stm32f40_41xxx.o
    0x08000188   0x08000188   0x00000008   Code   RO         2652  * !!!main             c_w.l(__main.o)
    0x08000190   0x08000190   0x00000034   Code   RO         2928    !!!scatter          c_w.l(__scatter.o)
    0x080001c4   0x080001c4   0x0000001a   Code   RO         2930    !!handler_copy      c_w.l(__scatter_copy.o)
    0x080001de   0x080001de   0x00000002   PAD
    0x080001e0   0x080001e0   0x0000001c   Code   RO         2932    !!handler_zi        c_w.l(__scatter_zi.o)
    0x080001fc   0x080001fc   0x00000000   Code   RO         2645    .ARM.Collect$$_printf_percent$$00000000  c_w.l(_printf_percent.o)
    0x080001fc   0x080001fc   0x00000006   Code   RO         2644    .ARM.Collect$$_printf_percent$$00000003  c_w.l(_printf_f.o)
    0x08000202   0x08000202   0x00000006   Code   RO         2643    .ARM.Collect$$_printf_percent$$00000009  c_w.l(_printf_d.o)
    0x08000208   0x08000208   0x00000004   Code   RO         2696    .ARM.Collect$$_printf_percent$$00000017  c_w.l(_printf_percent_end.o)
    0x0800020c   0x0800020c   0x00000002   Code   RO         2858    .ARM.Collect$$libinit$$00000000  c_w.l(libinit.o)
    0x0800020e   0x0800020e   0x00000004   Code   RO         2784    .ARM.Collect$$libinit$$00000001  c_w.l(libinit2.o)
    0x08000212   0x08000212   0x00000000   Code   RO         2787    .ARM.Collect$$libinit$$00000004  c_w.l(libinit2.o)
    0x08000212   0x08000212   0x00000008   Code   RO         2788    .ARM.Collect$$libinit$$00000005  c_w.l(libinit2.o)
    0x0800021a   0x0800021a   0x00000000   Code   RO         2790    .ARM.Collect$$libinit$$0000000A  c_w.l(libinit2.o)
    0x0800021a   0x0800021a   0x00000000   Code   RO         2792    .ARM.Collect$$libinit$$0000000C  c_w.l(libinit2.o)
    0x0800021a   0x0800021a   0x00000000   Code   RO         2794    .ARM.Collect$$libinit$$0000000E  c_w.l(libinit2.o)
    0x0800021a   0x0800021a   0x00000006   Code   RO         2795    .ARM.Collect$$libinit$$0000000F  c_w.l(libinit2.o)
    0x08000220   0x08000220   0x00000000   Code   RO         2797    .ARM.Collect$$libinit$$00000011  c_w.l(libinit2.o)
    0x08000220   0x08000220   0x00000000   Code   RO         2799    .ARM.Collect$$libinit$$00000013  c_w.l(libinit2.o)
    0x08000220   0x08000220   0x00000000   Code   RO         2801    .ARM.Collect$$libinit$$00000015  c_w.l(libinit2.o)
    0x08000220   0x08000220   0x0000000a   Code   RO         2802    .ARM.Collect$$libinit$$00000016  c_w.l(libinit2.o)
    0x0800022a   0x0800022a   0x00000000   Code   RO         2803    .ARM.Collect$$libinit$$00000017  c_w.l(libinit2.o)
    0x0800022a   0x0800022a   0x00000000   Code   RO         2805    .ARM.Collect$$libinit$$00000019  c_w.l(libinit2.o)
    0x0800022a   0x0800022a   0x00000000   Code   RO         2807    .ARM.Collect$$libinit$$0000001B  c_w.l(libinit2.o)
    0x0800022a   0x0800022a   0x00000000   Code   RO         2809    .ARM.Collect$$libinit$$0000001D  c_w.l(libinit2.o)
    0x0800022a   0x0800022a   0x00000000   Code   RO         2811    .ARM.Collect$$libinit$$0000001F  c_w.l(libinit2.o)
    0x0800022a   0x0800022a   0x00000000   Code   RO         2813    .ARM.Collect$$libinit$$00000021  c_w.l(libinit2.o)
    0x0800022a   0x0800022a   0x00000000   Code   RO         2815    .ARM.Collect$$libinit$$00000023  c_w.l(libinit2.o)
    0x0800022a   0x0800022a   0x00000000   Code   RO         2817    .ARM.Collect$$libinit$$00000025  c_w.l(libinit2.o)
    0x0800022a   0x0800022a   0x00000000   Code   RO         2821    .ARM.Collect$$libinit$$0000002C  c_w.l(libinit2.o)
    0x0800022a   0x0800022a   0x00000000   Code   RO         2823    .ARM.Collect$$libinit$$0000002E  c_w.l(libinit2.o)
    0x0800022a   0x0800022a   0x00000000   Code   RO         2825    .ARM.Collect$$libinit$$00000030  c_w.l(libinit2.o)
    0x0800022a   0x0800022a   0x00000000   Code   RO         2827    .ARM.Collect$$libinit$$00000032  c_w.l(libinit2.o)
    0x0800022a   0x0800022a   0x00000002   Code   RO         2828    .ARM.Collect$$libinit$$00000033  c_w.l(libinit2.o)
    0x0800022c   0x0800022c   0x00000002   Code   RO         2925    .ARM.Collect$$libshutdown$$00000000  c_w.l(libshutdown.o)
    0x0800022e   0x0800022e   0x00000000   Code   RO         2881    .ARM.Collect$$libshutdown$$00000002  c_w.l(libshutdown2.o)
    0x0800022e   0x0800022e   0x00000000   Code   RO         2883    .ARM.Collect$$libshutdown$$00000004  c_w.l(libshutdown2.o)
    0x0800022e   0x0800022e   0x00000000   Code   RO         2886    .ARM.Collect$$libshutdown$$00000007  c_w.l(libshutdown2.o)
    0x0800022e   0x0800022e   0x00000000   Code   RO         2889    .ARM.Collect$$libshutdown$$0000000A  c_w.l(libshutdown2.o)
    0x0800022e   0x0800022e   0x00000000   Code   RO         2891    .ARM.Collect$$libshutdown$$0000000C  c_w.l(libshutdown2.o)
    0x0800022e   0x0800022e   0x00000000   Code   RO         2894    .ARM.Collect$$libshutdown$$0000000F  c_w.l(libshutdown2.o)
    0x0800022e   0x0800022e   0x00000002   Code   RO         2895    .ARM.Collect$$libshutdown$$00000010  c_w.l(libshutdown2.o)
    0x08000230   0x08000230   0x00000000   Code   RO         2660    .ARM.Collect$$rtentry$$00000000  c_w.l(__rtentry.o)
    0x08000230   0x08000230   0x00000000   Code   RO         2710    .ARM.Collect$$rtentry$$00000002  c_w.l(__rtentry2.o)
    0x08000230   0x08000230   0x00000006   Code   RO         2722    .ARM.Collect$$rtentry$$00000004  c_w.l(__rtentry4.o)
    0x08000236   0x08000236   0x00000000   Code   RO         2712    .ARM.Collect$$rtentry$$00000009  c_w.l(__rtentry2.o)
    0x08000236   0x08000236   0x00000004   Code   RO         2713    .ARM.Collect$$rtentry$$0000000A  c_w.l(__rtentry2.o)
    0x0800023a   0x0800023a   0x00000000   Code   RO         2715    .ARM.Collect$$rtentry$$0000000C  c_w.l(__rtentry2.o)
    0x0800023a   0x0800023a   0x00000008   Code   RO         2716    .ARM.Collect$$rtentry$$0000000D  c_w.l(__rtentry2.o)
    0x08000242   0x08000242   0x00000002   Code   RO         2866    .ARM.Collect$$rtexit$$00000000  c_w.l(rtexit.o)
    0x08000244   0x08000244   0x00000000   Code   RO         2899    .ARM.Collect$$rtexit$$00000002  c_w.l(rtexit2.o)
    0x08000244   0x08000244   0x00000004   Code   RO         2900    .ARM.Collect$$rtexit$$00000003  c_w.l(rtexit2.o)
    0x08000248   0x08000248   0x00000006   Code   RO         2901    .ARM.Collect$$rtexit$$00000004  c_w.l(rtexit2.o)
    0x0800024e   0x0800024e   0x00000002   PAD
    0x08000250   0x08000250   0x00000000   Code   RO         2729    .emb_text           c_w.l(maybetermalloc1.o)
    0x08000250   0x08000250   0x00000040   Code   RO            4  * .text               startup_stm32f40_41xxx.o
    0x08000290   0x08000290   0x00000028   Code   RO         2557    .text               c_w.l(calloc.o)
    0x080002b8   0x080002b8   0x0000004e   Code   RO         2559    .text               c_w.l(h1_free.o)
    0x08000306   0x08000306   0x00000002   PAD
    0x08000308   0x08000308   0x00000028   Code   RO         2615    .text               c_w.l(noretval__2sprintf.o)
    0x08000330   0x08000330   0x0000004e   Code   RO         2619    .text               c_w.l(_printf_pad.o)
    0x0800037e   0x0800037e   0x00000002   PAD
    0x08000380   0x08000380   0x00000078   Code   RO         2621    .text               c_w.l(_printf_dec.o)
    0x080003f8   0x080003f8   0x0000010e   Code   RO         2631    .text               c_w.l(__printf_wp.o)
    0x08000506   0x08000506   0x00000024   Code   RO         2646    .text               c_w.l(strstr.o)
    0x0800052a   0x0800052a   0x0000003e   Code   RO         2648    .text               c_w.l(strlen.o)
    0x08000568   0x08000568   0x00000006   Code   RO         2650    .text               c_w.l(heapauxi.o)
    0x0800056e   0x0800056e   0x00000002   PAD
    0x08000570   0x08000570   0x00000008   Code   RO         2664    .text               c_w.l(rt_heap_descriptor_intlibspace.o)
    0x08000578   0x08000578   0x00000004   Code   RO         2666    .text               c_w.l(hguard.o)
    0x0800057c   0x0800057c   0x0000008a   Code   RO         2668    .text               c_w.l(init_alloc.o)
    0x08000606   0x08000606   0x0000005e   Code   RO         2674    .text               c_w.l(h1_alloc.o)
    0x08000664   0x08000664   0x000000b2   Code   RO         2688    .text               c_w.l(_printf_intcommon.o)
    0x08000716   0x08000716   0x0000041e   Code   RO         2690    .text               c_w.l(_printf_fp_dec.o)
    0x08000b34   0x08000b34   0x00000030   Code   RO         2692    .text               c_w.l(_printf_char_common.o)
    0x08000b64   0x08000b64   0x0000000a   Code   RO         2694    .text               c_w.l(_sputc.o)
    0x08000b6e   0x08000b6e   0x00000044   Code   RO         2699    .text               c_w.l(rt_memclr.o)
    0x08000bb2   0x08000bb2   0x00000002   PAD
    0x08000bb4   0x08000bb4   0x00000008   Code   RO         2706    .text               c_w.l(libspace.o)
    0x08000bbc   0x08000bbc   0x00000008   Code   RO         2727    .text               c_w.l(rt_locale_intlibspace.o)
    0x08000bc4   0x08000bc4   0x0000000e   Code   RO         2731    .text               c_w.l(h1_init.o)
    0x08000bd2   0x08000bd2   0x00000034   Code   RO         2733    .text               c_w.l(h1_extend.o)
    0x08000c06   0x08000c06   0x0000008a   Code   RO         2739    .text               c_w.l(lludiv10.o)
    0x08000c90   0x08000c90   0x00000080   Code   RO         2741    .text               c_w.l(_printf_fp_infnan.o)
    0x08000d10   0x08000d10   0x000000e4   Code   RO         2745    .text               c_w.l(bigflt0.o)
    0x08000df4   0x08000df4   0x0000000e   Code   RO         2773    .text               c_w.l(defsig_rtmem_outer.o)
    0x08000e02   0x08000e02   0x0000004e   Code   RO         2777    .text               c_w.l(rt_memclr_w.o)
    0x08000e50   0x08000e50   0x0000004a   Code   RO         2835    .text               c_w.l(sys_stackheap_outer.o)
    0x08000e9a   0x08000e9a   0x00000012   Code   RO         2843    .text               c_w.l(exit.o)
    0x08000eac   0x08000eac   0x0000000a   Code   RO         2845    .text               c_w.l(defsig_exit.o)
    0x08000eb6   0x08000eb6   0x00000002   PAD
    0x08000eb8   0x08000eb8   0x00000050   Code   RO         2847    .text               c_w.l(defsig_rtmem_inner.o)
    0x08000f08   0x08000f08   0x00000080   Code   RO         2849    .text               c_w.l(strcmpv7m.o)
    0x08000f88   0x08000f88   0x0000000c   Code   RO         2861    .text               c_w.l(sys_exit.o)
    0x08000f94   0x08000f94   0x00000002   Code   RO         2863    .text               c_w.l(use_no_semi.o)
    0x08000f96   0x08000f96   0x00000000   Code   RO         2865    .text               c_w.l(indicate_semi.o)
    0x08000f96   0x08000f96   0x00000032   Code   RO         2874    .text               c_w.l(defsig_general.o)
    0x08000fc8   0x08000fc8   0x0000000e   Code   RO         2896    .text               c_w.l(sys_wrch.o)
    0x08000fd6   0x08000fd6   0x0000003e   Code   RO         2748    CL$$btod_d2e        c_w.l(btod.o)
    0x08001014   0x08001014   0x00000046   Code   RO         2750    CL$$btod_d2e_denorm_low  c_w.l(btod.o)
    0x0800105a   0x0800105a   0x00000060   Code   RO         2749    CL$$btod_d2e_norm_op1  c_w.l(btod.o)
    0x080010ba   0x080010ba   0x00000338   Code   RO         2758    CL$$btod_div_common  c_w.l(btod.o)
    0x080013f2   0x080013f2   0x000000dc   Code   RO         2755    CL$$btod_e2e        c_w.l(btod.o)
    0x080014ce   0x080014ce   0x0000002a   Code   RO         2752    CL$$btod_ediv       c_w.l(btod.o)
    0x080014f8   0x080014f8   0x0000002a   Code   RO         2751    CL$$btod_emul       c_w.l(btod.o)
    0x08001522   0x08001522   0x00000244   Code   RO         2757    CL$$btod_mult_common  c_w.l(btod.o)
    0x08001766   0x08001766   0x00000004   Code   RO          145    i.BusFault_Handler  system_timetick.o
    0x0800176a   0x0800176a   0x00000002   PAD
    0x0800176c   0x0800176c   0x000006fc   Code   RO          222    i.DMA1_Stream1_IRQHandler  main_official.o
    0x08001e68   0x08001e68   0x00000034   Code   RO         1307    i.DMA_ClearFlag     stm32f4xx_dma.o
    0x08001e9c   0x08001e9c   0x00000034   Code   RO         1308    i.DMA_ClearITPendingBit  stm32f4xx_dma.o
    0x08001ed0   0x08001ed0   0x00000016   Code   RO         1309    i.DMA_Cmd           stm32f4xx_dma.o
    0x08001ee6   0x08001ee6   0x0000003a   Code   RO         1320    i.DMA_ITConfig      stm32f4xx_dma.o
    0x08001f20   0x08001f20   0x00000058   Code   RO         1321    i.DMA_Init          stm32f4xx_dma.o
    0x08001f78   0x08001f78   0x00000002   Code   RO          146    i.DebugMon_Handler  system_timetick.o
    0x08001f7a   0x08001f7a   0x00000002   PAD
    0x08001f7c   0x08001f7c   0x00000014   Code   RO          224    i.EXTI0_IRQHandler  main_official.o
    0x08001f90   0x08001f90   0x00000014   Code   RO          225    i.EXTI1_IRQHandler  main_official.o
    0x08001fa4   0x08001fa4   0x0000000c   Code   RO         1558    i.EXTI_ClearFlag    stm32f4xx_exti.o
    0x08001fb0   0x08001fb0   0x00000094   Code   RO         1564    i.EXTI_Init         stm32f4xx_exti.o
    0x08002044   0x08002044   0x00000010   Code   RO         1565    i.EXTI_StructInit   stm32f4xx_exti.o
    0x08002054   0x08002054   0x00000090   Code   RO         1174    i.GPIO_Init         stm32f4xx_gpio.o
    0x080020e4   0x080020e4   0x00000046   Code   RO         1175    i.GPIO_PinAFConfig  stm32f4xx_gpio.o
    0x0800212a   0x0800212a   0x00000012   Code   RO         1178    i.GPIO_ReadInputDataBit  stm32f4xx_gpio.o
    0x0800213c   0x0800213c   0x00000012   Code   RO         1180    i.GPIO_ReadOutputDataBit  stm32f4xx_gpio.o
    0x0800214e   0x0800214e   0x00000004   Code   RO         1181    i.GPIO_ResetBits    stm32f4xx_gpio.o
    0x08002152   0x08002152   0x00000004   Code   RO         1182    i.GPIO_SetBits      stm32f4xx_gpio.o
    0x08002156   0x08002156   0x00000008   Code   RO         1184    i.GPIO_ToggleBits   stm32f4xx_gpio.o
    0x0800215e   0x0800215e   0x00000004   Code   RO          147    i.HardFault_Handler  system_timetick.o
    0x08002162   0x08002162   0x00000018   Code   RO         2175    i.I2C_AcknowledgeConfig  stm32f4xx_i2c.o
    0x0800217a   0x0800217a   0x0000002a   Code   RO         2178    i.I2C_CheckEvent    stm32f4xx_i2c.o
    0x080021a4   0x080021a4   0x00000018   Code   RO         2181    i.I2C_Cmd           stm32f4xx_i2c.o
    0x080021bc   0x080021bc   0x00000018   Code   RO         2189    i.I2C_GenerateSTART  stm32f4xx_i2c.o
    0x080021d4   0x080021d4   0x00000018   Code   RO         2190    i.I2C_GenerateSTOP  stm32f4xx_i2c.o
    0x080021ec   0x080021ec   0x0000003a   Code   RO         2191    i.I2C_GetFlagStatus  stm32f4xx_i2c.o
    0x08002226   0x08002226   0x00000002   PAD
    0x08002228   0x08002228   0x000000e8   Code   RO         2196    i.I2C_Init          stm32f4xx_i2c.o
    0x08002310   0x08002310   0x00000008   Code   RO         2201    i.I2C_ReceiveData   stm32f4xx_i2c.o
    0x08002318   0x08002318   0x00000010   Code   RO         2203    i.I2C_Send7bitAddress  stm32f4xx_i2c.o
    0x08002328   0x08002328   0x00000004   Code   RO         2204    i.I2C_SendData      stm32f4xx_i2c.o
    0x0800232c   0x0800232c   0x00000034   Code   RO          227    i.I2C_read_nack     main_official.o
    0x08002360   0x08002360   0x00000068   Code   RO          228    i.I2C_start         main_official.o
    0x080023c8   0x080023c8   0x00000030   Code   RO          229    i.I2C_stop          main_official.o
    0x080023f8   0x080023f8   0x00000024   Code   RO          230    i.I2C_write         main_official.o
    0x0800241c   0x0800241c   0x00000070   Code   RO          231    i.LIGHT_RX          main_official.o
    0x0800248c   0x0800248c   0x00000004   Code   RO          148    i.MemManage_Handler  system_timetick.o
    0x08002490   0x08002490   0x00000002   Code   RO          149    i.NMI_Handler       system_timetick.o
    0x08002492   0x08002492   0x00000002   PAD
    0x08002494   0x08002494   0x00000078   Code   RO         1267    i.NVIC_Init         misc.o
    0x0800250c   0x0800250c   0x00000002   Code   RO          150    i.PendSV_Handler    system_timetick.o
    0x0800250e   0x0800250e   0x00000002   PAD
    0x08002510   0x08002510   0x00000020   Code   RO          587    i.RCC_AHB1PeriphClockCmd  stm32f4xx_rcc.o
    0x08002530   0x08002530   0x00000020   Code   RO          596    i.RCC_APB1PeriphClockCmd  stm32f4xx_rcc.o
    0x08002550   0x08002550   0x00000020   Code   RO          599    i.RCC_APB2PeriphClockCmd  stm32f4xx_rcc.o
    0x08002570   0x08002570   0x000000e8   Code   RO          608    i.RCC_GetClocksFreq  stm32f4xx_rcc.o
    0x08002658   0x08002658   0x00000020   Code   RO          232    i.SELEC_dataConvert  main_official.o
    0x08002678   0x08002678   0x00000002   Code   RO          151    i.SVC_Handler       system_timetick.o
    0x0800267a   0x0800267a   0x00000002   PAD
    0x0800267c   0x0800267c   0x00000040   Code   RO          940    i.SYSCFG_EXTILineConfig  stm32f4xx_syscfg.o
    0x080026bc   0x080026bc   0x000000ec   Code   RO           11    i.SetSysClock       system_stm32f4xx.o
    0x080027a8   0x080027a8   0x0000001c   Code   RO          152    i.SysTick_Handler   system_timetick.o
    0x080027c4   0x080027c4   0x00000068   Code   RO           13    i.SystemInit        system_stm32f4xx.o
    0x0800282c   0x0800282c   0x00000220   Code   RO          233    i.TIM7_IRQHandler   main_official.o
    0x08002a4c   0x08002a4c   0x00000006   Code   RO         1626    i.TIM_ClearFlag     stm32f4xx_tim.o
    0x08002a52   0x08002a52   0x00000018   Code   RO         1632    i.TIM_Cmd           stm32f4xx_tim.o
    0x08002a6a   0x08002a6a   0x00000012   Code   RO         1657    i.TIM_ITConfig      stm32f4xx_tim.o
    0x08002a7c   0x08002a7c   0x00000084   Code   RO         1704    i.TIM_TimeBaseInit  stm32f4xx_tim.o
    0x08002b00   0x08002b00   0x00000018   Code   RO          993    i.USART_Cmd         stm32f4xx_usart.o
    0x08002b18   0x08002b18   0x00000012   Code   RO          994    i.USART_DMACmd      stm32f4xx_usart.o
    0x08002b2a   0x08002b2a   0x0000001a   Code   RO          996    i.USART_GetFlagStatus  stm32f4xx_usart.o
    0x08002b44   0x08002b44   0x000000d4   Code   RO         1000    i.USART_Init        stm32f4xx_usart.o
    0x08002c18   0x08002c18   0x00000008   Code   RO         1010    i.USART_SendData    stm32f4xx_usart.o
    0x08002c20   0x08002c20   0x00000028   Code   RO          234    i.USART_put         main_official.o
    0x08002c48   0x08002c48   0x00000004   Code   RO          153    i.UsageFault_Handler  system_timetick.o
    0x08002c4c   0x08002c4c   0x00000030   Code   RO         2831    i.__ARM_fpclassify  m_wm.l(fpclassify.o)
    0x08002c7c   0x08002c7c   0x0000000e   Code   RO         2633    i._is_digit         c_w.l(__printf_wp.o)
    0x08002c8a   0x08002c8a   0x00000002   PAD
    0x08002c8c   0x08002c8c   0x000000f8   Code   RO          235    i.cabin             main_official.o
    0x08002d84   0x08002d84   0x0000001e   Code   RO          236    i.clearString       main_official.o
    0x08002da2   0x08002da2   0x00000002   PAD
    0x08002da4   0x08002da4   0x00000048   Code   RO          237    i.delay_01ms        main_official.o
    0x08002dec   0x08002dec   0x0000001a   Code   RO          238    i.detect_string     main_official.o
    0x08002e06   0x08002e06   0x00000002   PAD
    0x08002e08   0x08002e08   0x00000058   Code   RO          240    i.ds1307_get_rtc_data  main_official.o
    0x08002e60   0x08002e60   0x00000014   Code   RO          241    i.ds1307_get_rtc_date  main_official.o
    0x08002e74   0x08002e74   0x0000008c   Code   RO          242    i.ds1307_get_rtc_datetime  main_official.o
    0x08002f00   0x08002f00   0x00000014   Code   RO          243    i.ds1307_get_rtc_day  main_official.o
    0x08002f14   0x08002f14   0x00000014   Code   RO          244    i.ds1307_get_rtc_hour  main_official.o
    0x08002f28   0x08002f28   0x00000014   Code   RO          245    i.ds1307_get_rtc_minute  main_official.o
    0x08002f3c   0x08002f3c   0x00000014   Code   RO          246    i.ds1307_get_rtc_month  main_official.o
    0x08002f50   0x08002f50   0x00000014   Code   RO          247    i.ds1307_get_rtc_second  main_official.o
    0x08002f64   0x08002f64   0x00000014   Code   RO          248    i.ds1307_get_rtc_year  main_official.o
    0x08002f78   0x08002f78   0x00000030   Code   RO          249    i.ds1307_init_rtc   main_official.o
    0x08002fa8   0x08002fa8   0x00000084   Code   RO          250    i.ds1307_set_rtc_data  main_official.o
    0x0800302c   0x0800302c   0x00000120   Code   RO          252    i.ds1307_set_rtc_datetime  main_official.o
    0x0800314c   0x0800314c   0x00000134   Code   RO          259    i.eeprom_at24cxx_read_multi  main_official.o
    0x08003280   0x08003280   0x00000070   Code   RO          260    i.eeprom_at24cxx_write_multi  main_official.o
    0x080032f0   0x080032f0   0x000000e8   Code   RO          261    i.eeprom_at24cxx_write_page  main_official.o
    0x080033d8   0x080033d8   0x00000074   Code   RO          262    i.get_mess_from_rx  main_official.o
    0x0800344c   0x0800344c   0x00000384   Code   RO          265    i.init_main         main_official.o
    0x080037d0   0x080037d0   0x00000014   Code   RO          266    i.lengthString      main_official.o
    0x080037e4   0x080037e4   0x000004fc   Code   RO          267    i.main              main_official.o
    0x08003ce0   0x08003ce0   0x0000002e   Code   RO          268    i.print_f           main_official.o
    0x08003d0e   0x08003d0e   0x0000002e   Code   RO          269    i.receive           main_official.o
    0x08003d3c   0x08003d3c   0x0000024c   Code   RO          270    i.rs485             main_official.o
    0x08003f88   0x08003f88   0x0000005c   Code   RO          271    i.start_mqtt        main_official.o
    0x08003fe4   0x08003fe4   0x00000048   Code   RO          272    i.stop_mqtt         main_official.o
    0x0800402c   0x0800402c   0x0000008c   Code   RO          274    i.subcribe_mqtt     main_official.o
    0x080040b8   0x080040b8   0x0000002c   Code   RO         2771    locale$$code        c_w.l(lc_numeric_c.o)
    0x080040e4   0x080040e4   0x0000000c   Code   RO         2701    x$fpl$dretinf       fz_wm.l(dretinf.o)
    0x080040f0   0x080040f0   0x00000056   Code   RO         2654    x$fpl$f2d           fz_wm.l(f2d.o)
    0x08004146   0x08004146   0x0000008c   Code   RO         2703    x$fpl$fnaninf       fz_wm.l(fnaninf.o)
    0x080041d2   0x080041d2   0x0000000a   Code   RO         2859    x$fpl$fpinit        fz_wm.l(fpinit.o)
    0x080041dc   0x080041dc   0x00000004   Code   RO         2656    x$fpl$printf1       fz_wm.l(printf1.o)
    0x080041e0   0x080041e0   0x00000000   Code   RO         2705    x$fpl$usenofp       fz_wm.l(usenofp.o)
    0x080041e0   0x080041e0   0x00000007   Data   RO          276    .constdata          main_official.o
    0x080041e7   0x080041e7   0x00000001   PAD
    0x080041e8   0x080041e8   0x00000094   Data   RO         2746    .constdata          c_w.l(bigflt0.o)
    0x0800427c   0x0800427c   0x00000428   Data   RO          277    .conststring        main_official.o
    0x080046a4   0x080046a4   0x00000020   Data   RO         2926    Region$$Table       anon$$obj.o
    0x080046c4   0x080046c4   0x0000001c   Data   RO         2770    locale$$data        c_w.l(lc_numeric_c.o)


    Execution Region ER_RW (Exec base: 0x20000000, Load base: 0x080046e0, Size: 0x000000d8, Max: 0xffffffff, ABSOLUTE)

    Exec Addr    Load Addr    Size         Type   Attr      Idx    E Section Name        Object

    0x20000000   0x080046e0   0x00000008   Data   RW          154    .data               system_timetick.o
    0x20000008   0x080046e8   0x000000be   Data   RW          278    .data               main_official.o
    0x200000c6   0x080047a6   0x00000010   Data   RW          639    .data               stm32f4xx_rcc.o


    Execution Region ER_ZI (Exec base: 0x200000d8, Load base: 0x080047b8, Size: 0x00001b88, Max: 0xffffffff, ABSOLUTE)

    Exec Addr    Load Addr    Size         Type   Attr      Idx    E Section Name        Object

    0x200000d8        -       0x00001523   Zero   RW          275    .bss                main_official.o
    0x200015fb   0x080047b8   0x00000001   PAD
    0x200015fc        -       0x00000060   Zero   RW         2707    .bss                c_w.l(libspace.o)
    0x2000165c   0x080047b8   0x00000004   PAD
    0x20001660        -       0x00000200   Zero   RW            2    HEAP                startup_stm32f40_41xxx.o
    0x20001860        -       0x00000400   Zero   RW            1    STACK               startup_stm32f40_41xxx.o


==============================================================================

Image component sizes


      Code (inc. data)   RO Data    RW Data    ZI Data      Debug   Object Name

      7956       1100       1071        190       5411      35166   main_official.o
       120         14          0          0          0       1220   misc.o
        64         26        392          0       1536        864   startup_stm32f40_41xxx.o
       272         34          0          0          0       4660   stm32f4xx_dma.o
       176         12          0          0          0       2315   stm32f4xx_exti.o
       266          0          0          0          0       5162   stm32f4xx_gpio.o
       456         14          0          0          0       7844   stm32f4xx_i2c.o
       328         36          0         16          0     235955   stm32f4xx_rcc.o
        64          4          0          0          0        688   stm32f4xx_syscfg.o
       180         28          0          0          0       3276   stm32f4xx_tim.o
       288          8          0          0          0       4239   stm32f4xx_usart.o
       340         32          0          0          0     305401   system_stm32f4xx.o
        52         10          0          8          0       4369   system_timetick.o

    ----------------------------------------------------------------------
     10578       1318       1496        216       6948     611159   Object Totals
         0          0         32          0          0          0   (incl. Generated)
        16          0          1          2          1          0   (incl. Padding)

    ----------------------------------------------------------------------

      Code (inc. data)   RO Data    RW Data    ZI Data      Debug   Library Member Name

         8          0          0          0          0         68   __main.o
       284          0          0          0          0        156   __printf_wp.o
         0          0          0          0          0          0   __rtentry.o
        12          0          0          0          0          0   __rtentry2.o
         6          0          0          0          0          0   __rtentry4.o
        52          8          0          0          0          0   __scatter.o
        26          0          0          0          0          0   __scatter_copy.o
        28          0          0          0          0          0   __scatter_zi.o
        48          6          0          0          0         96   _printf_char_common.o
         6          0          0          0          0          0   _printf_d.o
       120         16          0          0          0         92   _printf_dec.o
         6          0          0          0          0          0   _printf_f.o
      1054          0          0          0          0        216   _printf_fp_dec.o
       128         16          0          0          0         84   _printf_fp_infnan.o
       178          0          0          0          0         88   _printf_intcommon.o
        78          0          0          0          0        108   _printf_pad.o
         0          0          0          0          0          0   _printf_percent.o
         4          0          0          0          0          0   _printf_percent_end.o
        10          0          0          0          0         68   _sputc.o
       228          4        148          0          0         96   bigflt0.o
      1936        128          0          0          0        672   btod.o
        40          0          0          0          0         80   calloc.o
        10          0          0          0          0         68   defsig_exit.o
        50          0          0          0          0         88   defsig_general.o
        80         58          0          0          0         76   defsig_rtmem_inner.o
        14          0          0          0          0         80   defsig_rtmem_outer.o
        18          0          0          0          0         80   exit.o
        94          0          0          0          0         80   h1_alloc.o
        52          0          0          0          0         68   h1_extend.o
        78          0          0          0          0         80   h1_free.o
        14          0          0          0          0         84   h1_init.o
         6          0          0          0          0        152   heapauxi.o
         4          0          0          0          0        136   hguard.o
         0          0          0          0          0          0   indicate_semi.o
       138          0          0          0          0        168   init_alloc.o
        44         10         28          0          0         76   lc_numeric_c.o
         2          0          0          0          0          0   libinit.o
        30          0          0          0          0          0   libinit2.o
         2          0          0          0          0          0   libshutdown.o
         2          0          0          0          0          0   libshutdown2.o
         8          4          0          0         96         68   libspace.o
       138          0          0          0          0         80   lludiv10.o
         0          0          0          0          0          0   maybetermalloc1.o
        40          6          0          0          0         84   noretval__2sprintf.o
         8          4          0          0          0         68   rt_heap_descriptor_intlibspace.o
         8          4          0          0          0         68   rt_locale_intlibspace.o
        68          0          0          0          0         68   rt_memclr.o
        78          0          0          0          0         80   rt_memclr_w.o
         2          0          0          0          0          0   rtexit.o
        10          0          0          0          0          0   rtexit2.o
       128          0          0          0          0         68   strcmpv7m.o
        62          0          0          0          0         76   strlen.o
        36          0          0          0          0         80   strstr.o
        12          4          0          0          0         68   sys_exit.o
        74          0          0          0          0         80   sys_stackheap_outer.o
        14          0          0          0          0         76   sys_wrch.o
         2          0          0          0          0         68   use_no_semi.o
        12          0          0          0          0        116   dretinf.o
        86          4          0          0          0        132   f2d.o
       140          4          0          0          0        132   fnaninf.o
        10          0          0          0          0        116   fpinit.o
         4          0          0          0          0        116   printf1.o
         0          0          0          0          0          0   usenofp.o
        48          0          0          0          0        124   fpclassify.o

    ----------------------------------------------------------------------
      5894        276        176          0        100       4828   Library Totals
        16          0          0          0          4          0   (incl. Padding)

    ----------------------------------------------------------------------

      Code (inc. data)   RO Data    RW Data    ZI Data      Debug   Library Name

      5578        268        176          0         96       4092   c_w.l
       252          8          0          0          0        612   fz_wm.l
        48          0          0          0          0        124   m_wm.l

    ----------------------------------------------------------------------
      5894        276        176          0        100       4828   Library Totals

    ----------------------------------------------------------------------

==============================================================================


      Code (inc. data)   RO Data    RW Data    ZI Data      Debug   

     16472       1594       1672        216       7048     604647   Grand Totals
     16472       1594       1672        216       7048     604647   ELF Image Totals
     16472       1594       1672        216          0          0   ROM Totals

==============================================================================

    Total RO  Size (Code + RO Data)                18144 (  17.72kB)
    Total RW  Size (RW Data + ZI Data)              7264 (   7.09kB)
    Total ROM Size (Code + RO Data + RW Data)      18360 (  17.93kB)

==============================================================================

